Archive member included to satisfy reference by file (symbol)

d:/stm_32/file extracted/stm32cubeide_1.11.0/stm32cubeide/plugins/com.st.stm32cube.ide.mcu.externaltools.gnu-tools-for-stm32.10.3-2021.10.win32_1.0.100.202210260954/tools/bin/../lib/gcc/arm-none-eabi/10.3.1/../../../../arm-none-eabi/lib/thumb/v7e-m+fp/hard\libc_nano.a(lib_a-errno.o)
                              ./Core/Src/syscalls.o (__errno)
d:/stm_32/file extracted/stm32cubeide_1.11.0/stm32cubeide/plugins/com.st.stm32cube.ide.mcu.externaltools.gnu-tools-for-stm32.10.3-2021.10.win32_1.0.100.202210260954/tools/bin/../lib/gcc/arm-none-eabi/10.3.1/../../../../arm-none-eabi/lib/thumb/v7e-m+fp/hard\libc_nano.a(lib_a-exit.o)
                              d:/stm_32/file extracted/stm32cubeide_1.11.0/stm32cubeide/plugins/com.st.stm32cube.ide.mcu.externaltools.gnu-tools-for-stm32.10.3-2021.10.win32_1.0.100.202210260954/tools/bin/../lib/gcc/arm-none-eabi/10.3.1/../../../../arm-none-eabi/lib/thumb/v7e-m+fp/hard/crt0.o (exit)
d:/stm_32/file extracted/stm32cubeide_1.11.0/stm32cubeide/plugins/com.st.stm32cube.ide.mcu.externaltools.gnu-tools-for-stm32.10.3-2021.10.win32_1.0.100.202210260954/tools/bin/../lib/gcc/arm-none-eabi/10.3.1/../../../../arm-none-eabi/lib/thumb/v7e-m+fp/hard\libc_nano.a(lib_a-findfp.o)
                              ./Middlewares/Third_Party/FreeRTOS/Source/tasks.o (__sf_fake_stderr)
d:/stm_32/file extracted/stm32cubeide_1.11.0/stm32cubeide/plugins/com.st.stm32cube.ide.mcu.externaltools.gnu-tools-for-stm32.10.3-2021.10.win32_1.0.100.202210260954/tools/bin/../lib/gcc/arm-none-eabi/10.3.1/../../../../arm-none-eabi/lib/thumb/v7e-m+fp/hard\libc_nano.a(lib_a-fwalk.o)
                              d:/stm_32/file extracted/stm32cubeide_1.11.0/stm32cubeide/plugins/com.st.stm32cube.ide.mcu.externaltools.gnu-tools-for-stm32.10.3-2021.10.win32_1.0.100.202210260954/tools/bin/../lib/gcc/arm-none-eabi/10.3.1/../../../../arm-none-eabi/lib/thumb/v7e-m+fp/hard\libc_nano.a(lib_a-findfp.o) (_fwalk)
d:/stm_32/file extracted/stm32cubeide_1.11.0/stm32cubeide/plugins/com.st.stm32cube.ide.mcu.externaltools.gnu-tools-for-stm32.10.3-2021.10.win32_1.0.100.202210260954/tools/bin/../lib/gcc/arm-none-eabi/10.3.1/../../../../arm-none-eabi/lib/thumb/v7e-m+fp/hard\libc_nano.a(lib_a-impure.o)
                              d:/stm_32/file extracted/stm32cubeide_1.11.0/stm32cubeide/plugins/com.st.stm32cube.ide.mcu.externaltools.gnu-tools-for-stm32.10.3-2021.10.win32_1.0.100.202210260954/tools/bin/../lib/gcc/arm-none-eabi/10.3.1/../../../../arm-none-eabi/lib/thumb/v7e-m+fp/hard\libc_nano.a(lib_a-exit.o) (_global_impure_ptr)
d:/stm_32/file extracted/stm32cubeide_1.11.0/stm32cubeide/plugins/com.st.stm32cube.ide.mcu.externaltools.gnu-tools-for-stm32.10.3-2021.10.win32_1.0.100.202210260954/tools/bin/../lib/gcc/arm-none-eabi/10.3.1/../../../../arm-none-eabi/lib/thumb/v7e-m+fp/hard\libc_nano.a(lib_a-init.o)
                              d:/stm_32/file extracted/stm32cubeide_1.11.0/stm32cubeide/plugins/com.st.stm32cube.ide.mcu.externaltools.gnu-tools-for-stm32.10.3-2021.10.win32_1.0.100.202210260954/tools/bin/../lib/gcc/arm-none-eabi/10.3.1/../../../../arm-none-eabi/lib/thumb/v7e-m+fp/hard/crt0.o (__libc_init_array)
d:/stm_32/file extracted/stm32cubeide_1.11.0/stm32cubeide/plugins/com.st.stm32cube.ide.mcu.externaltools.gnu-tools-for-stm32.10.3-2021.10.win32_1.0.100.202210260954/tools/bin/../lib/gcc/arm-none-eabi/10.3.1/../../../../arm-none-eabi/lib/thumb/v7e-m+fp/hard\libc_nano.a(lib_a-lock.o)
                              d:/stm_32/file extracted/stm32cubeide_1.11.0/stm32cubeide/plugins/com.st.stm32cube.ide.mcu.externaltools.gnu-tools-for-stm32.10.3-2021.10.win32_1.0.100.202210260954/tools/bin/../lib/gcc/arm-none-eabi/10.3.1/../../../../arm-none-eabi/lib/thumb/v7e-m+fp/hard\libc_nano.a(lib_a-findfp.o) (__retarget_lock_init_recursive)
d:/stm_32/file extracted/stm32cubeide_1.11.0/stm32cubeide/plugins/com.st.stm32cube.ide.mcu.externaltools.gnu-tools-for-stm32.10.3-2021.10.win32_1.0.100.202210260954/tools/bin/../lib/gcc/arm-none-eabi/10.3.1/../../../../arm-none-eabi/lib/thumb/v7e-m+fp/hard\libc_nano.a(lib_a-memcpy-stub.o)
                              ./Core/Src/main.o (memcpy)
d:/stm_32/file extracted/stm32cubeide_1.11.0/stm32cubeide/plugins/com.st.stm32cube.ide.mcu.externaltools.gnu-tools-for-stm32.10.3-2021.10.win32_1.0.100.202210260954/tools/bin/../lib/gcc/arm-none-eabi/10.3.1/../../../../arm-none-eabi/lib/thumb/v7e-m+fp/hard\libc_nano.a(lib_a-memset.o)
                              d:/stm_32/file extracted/stm32cubeide_1.11.0/stm32cubeide/plugins/com.st.stm32cube.ide.mcu.externaltools.gnu-tools-for-stm32.10.3-2021.10.win32_1.0.100.202210260954/tools/bin/../lib/gcc/arm-none-eabi/10.3.1/../../../../arm-none-eabi/lib/thumb/v7e-m+fp/hard/crt0.o (memset)
[...]
Memory Configuration

Name             Origin             Length             Attributes
RAM              0x0000000020000000 0x0000000000010000 xrw
FLASH            0x0000000008000000 0x0000000000040000 xr
*default*        0x0000000000000000 0xffffffffffffffff

Linker script and memory map

LOAD d:/stm_32/file extracted/stm32cubeide_1.11.0/stm32cubeide/plugins/com.st.stm32cube.ide.mcu.externaltools.gnu-tools-for-stm32.10.3-2021.10.win32_1.0.100.202210260954/tools/bin/../lib/gcc/arm-none-eabi/10.3.1/thumb/v7e-m+fp/hard/crti.o
LOAD d:/stm_32/file extracted/stm32cubeide_1.11.0/stm32cubeide/plugins/com.st.stm32cube.ide.mcu.externaltools.gnu-tools-for-stm32.10.3-2021.10.win32_1.0.100.202210260954/tools/bin/../lib/gcc/arm-none-eabi/10.3.1/thumb/v7e-m+fp/hard/crtbegin.o
LOAD d:/stm_32/file extracted/stm32cubeide_1.11.0/stm32cubeide/plugins/com.st.stm32cube.ide.mcu.externaltools.gnu-tools-for-stm32.10.3-2021.10.win32_1.0.100.202210260954/tools/bin/../lib/gcc/arm-none-eabi/10.3.1/../../../../arm-none-eabi/lib/thumb/v7e-m+fp/hard/crt0.o
LOAD ./Core/Src/freertos.o
LOAD ./Core/Src/main.o
LOAD ./Core/Src/stm32f4xx_hal_msp.o
LOAD ./Core/Src/stm32f4xx_hal_timebase_tim.o
LOAD ./Core/Src/stm32f4xx_it.o
LOAD ./Core/Src/syscalls.o
LOAD ./Core/Src/sysmem.o
LOAD ./Core/Src/system_stm32f4xx.o
LOAD ./Core/Startup/startup_stm32f401ccux.o
LOAD ./Drivers/STM32F4xx_HAL_Driver/Src/stm32f4xx_hal.o
LOAD ./Drivers/STM32F4xx_HAL_Driver/Src/stm32f4xx_hal_cortex.o
LOAD ./Drivers/STM32F4xx_HAL_Driver/Src/stm32f4xx_hal_dma.o
LOAD ./Drivers/STM32F4xx_HAL_Driver/Src/stm32f4xx_hal_dma_ex.o
LOAD ./Drivers/STM32F4xx_HAL_Driver/Src/stm32f4xx_hal_exti.o
LOAD ./Drivers/STM32F4xx_HAL_Driver/Src/stm32f4xx_hal_flash.o
LOAD ./Drivers/STM32F4xx_HAL_Driver/Src/stm32f4xx_hal_flash_ex.o
LOAD ./Drivers/STM32F4xx_HAL_Driver/Src/stm32f4xx_hal_flash_ramfunc.o
LOAD ./Drivers/STM32F4xx_HAL_Driver/Src/stm32f4xx_hal_gpio.o
LOAD ./Drivers/STM32F4xx_HAL_Driver/Src/stm32f4xx_hal_i2c.o
LOAD ./Drivers/STM32F4xx_HAL_Driver/Src/stm32f4xx_hal_i2c_ex.o
LOAD ./Drivers/STM32F4xx_HAL_Driver/Src/stm32f4xx_hal_pcd.o
LOAD ./Drivers/STM32F4xx_HAL_Driver/Src/stm32f4xx_hal_pcd_ex.o
LOAD ./Drivers/STM32F4xx_HAL_Driver/Src/stm32f4xx_hal_pwr.o
LOAD ./Drivers/STM32F4xx_HAL_Driver/Src/stm32f4xx_hal_pwr_ex.o
LOAD ./Drivers/STM32F4xx_HAL_Driver/Src/stm32f4xx_hal_rcc.o
LOAD ./Drivers/STM32F4xx_HAL_Driver/Src/stm32f4xx_hal_rcc_ex.o
LOAD ./Drivers/STM32F4xx_HAL_Driver/Src/stm32f4xx_hal_tim.o
LOAD ./Drivers/STM32F4xx_HAL_Driver/Src/stm32f4xx_hal_tim_ex.o
LOAD ./Drivers/STM32F4xx_HAL_Driver/Src/stm32f4xx_hal_uart.o
LOAD ./Drivers/STM32F4xx_HAL_Driver/Src/stm32f4xx_ll_usb.o
LOAD ./Middlewares/ST/STM32_USB_Device_Library/Class/CDC/Src/usbd_cdc.o
LOAD ./Middlewares/ST/STM32_USB_Device_Library/Core/Src/usbd_core.o
LOAD ./Middlewares/ST/STM32_USB_Device_Library/Core/Src/usbd_ctlreq.o
LOAD ./Middlewares/ST/STM32_USB_Device_Library/Core/Src/usbd_ioreq.o
LOAD ./Middlewares/Third_Party/FreeRTOS/Source/CMSIS_RTOS/cmsis_os.o
LOAD ./Middlewares/Third_Party/FreeRTOS/Source/croutine.o
LOAD ./Middlewares/Third_Party/FreeRTOS/Source/event_groups.o
LOAD ./Middlewares/Third_Party/FreeRTOS/Source/list.o
LOAD ./Middlewares/Third_Party/FreeRTOS/Source/queue.o
LOAD ./Middlewares/Third_Party/FreeRTOS/Source/stream_buffer.o
LOAD ./Middlewares/Third_Party/FreeRTOS/Source/tasks.o
LOAD ./Middlewares/Third_Party/FreeRTOS/Source/timers.o
LOAD ./Middlewares/Third_Party/FreeRTOS/Source/portable/GCC/ARM_CM4F/port.o
LOAD ./Middlewares/Third_Party/FreeRTOS/Source/portable/MemMang/heap_4.o
LOAD ./USB_DEVICE/App/usb_device.o
LOAD ./USB_DEVICE/App/usbd_cdc_if.o
LOAD ./USB_DEVICE/App/usbd_desc.o
LOAD ./USB_DEVICE/Target/usbd_conf.o
LOAD ./as5600/as5600.o
START GROUP
LOAD d:/stm_32/file extracted/stm32cubeide_1.11.0/stm32cubeide/plugins/com.st.stm32cube.ide.mcu.externaltools.gnu-tools-for-stm32.10.3-2021.10.win32_1.0.100.202210260954/tools/bin/../lib/gcc/arm-none-eabi/10.3.1/../../../../arm-none-eabi/lib/thumb/v7e-m+fp/hard\libc_nano.a
LOAD d:/stm_32/file extracted/stm32cubeide_1.11.0/stm32cubeide/plugins/com.st.stm32cube.ide.mcu.externaltools.gnu-tools-for-stm32.10.3-2021.10.win32_1.0.100.202210260954/tools/bin/../lib/gcc/arm-none-eabi/10.3.1/../../../../arm-none-eabi/lib/thumb/v7e-m+fp/hard\libm.a
END GROUP
START GROUP
LOAD d:/stm_32/file extracted/stm32cubeide_1.11.0/stm32cubeide/plugins/com.st.stm32cube.ide.mcu.externaltools.gnu-tools-for-stm32.10.3-2021.10.win32_1.0.100.202210260954/tools/bin/../lib/gcc/arm-none-eabi/10.3.1/thumb/v7e-m+fp/hard\libgcc.a
LOAD d:/stm_32/file extracted/stm32cubeide_1.11.0/stm32cubeide/plugins/com.st.stm32cube.ide.mcu.externaltools.gnu-tools-for-stm32.10.3-2021.10.win32_1.0.100.202210260954/tools/bin/../lib/gcc/arm-none-eabi/10.3.1/../../../../arm-none-eabi/lib/thumb/v7e-m+fp/hard\libc_nano.a
END GROUP
START GROUP
LOAD d:/stm_32/file extracted/stm32cubeide_1.11.0/stm32cubeide/plugins/com.st.stm32cube.ide.mcu.externaltools.gnu-tools-for-stm32.10.3-2021.10.win32_1.0.100.202210260954/tools/bin/../lib/gcc/arm-none-eabi/10.3.1/thumb/v7e-m+fp/hard\libgcc.a
LOAD d:/stm_32/file extracted/stm32cubeide_1.11.0/stm32cubeide/plugins/com.st.stm32cube.ide.mcu.externaltools.gnu-tools-for-stm32.10.3-2021.10.win32_1.0.100.202210260954/tools/bin/../lib/gcc/arm-none-eabi/10.3.1/../../../../arm-none-eabi/lib/thumb/v7e-m+fp/hard\libc_nano.a
LOAD d:/stm_32/file extracted/stm32cubeide_1.11.0/stm32cubeide/plugins/com.st.stm32cube.ide.mcu.externaltools.gnu-tools-for-stm32.10.3-2021.10.win32_1.0.100.202210260954/tools/bin/../lib/gcc/arm-none-eabi/10.3.1/../../../../arm-none-eabi/lib/thumb/v7e-m+fp/hard\libnosys.a
END GROUP
START GROUP
LOAD d:/stm_32/file extracted/stm32cubeide_1.11.0/stm32cubeide/plugins/com.st.stm32cube.ide.mcu.externaltools.gnu-tools-for-stm32.10.3-2021.10.win32_1.0.100.202210260954/tools/bin/../lib/gcc/arm-none-eabi/10.3.1/thumb/v7e-m+fp/hard\libgcc.a
LOAD d:/stm_32/file extracted/stm32cubeide_1.11.0/stm32cubeide/plugins/com.st.stm32cube.ide.mcu.externaltools.gnu-tools-for-stm32.10.3-2021.10.win32_1.0.100.202210260954/tools/bin/../lib/gcc/arm-none-eabi/10.3.1/../../../../arm-none-eabi/lib/thumb/v7e-m+fp/hard\libc_nano.a
LOAD d:/stm_32/file extracted/stm32cubeide_1.11.0/stm32cubeide/plugins/com.st.stm32cube.ide.mcu.externaltools.gnu-tools-for-stm32.10.3-2021.10.win32_1.0.100.202210260954/tools/bin/../lib/gcc/arm-none-eabi/10.3.1/../../../../arm-none-eabi/lib/thumb/v7e-m+fp/hard\libnosys.a
END GROUP
LOAD d:/stm_32/file extracted/stm32cubeide_1.11.0/stm32cubeide/plugins/com.st.stm32cube.ide.mcu.externaltools.gnu-tools-for-stm32.10.3-2021.10.win32_1.0.100.202210260954/tools/bin/../lib/gcc/arm-none-eabi/10.3.1/thumb/v7e-m+fp/hard/crtend.o
LOAD d:/stm_32/file extracted/stm32cubeide_1.11.0/stm32cubeide/plugins/com.st.stm32cube.ide.mcu.externaltools.gnu-tools-for-stm32.10.3-2021.10.win32_1.0.100.202210260954/tools/bin/../lib/gcc/arm-none-eabi/10.3.1/thumb/v7e-m+fp/hard/crtn.o
                0x0000000020010000                _estack = (ORIGIN (RAM) + LENGTH (RAM))
                0x0000000000000200                _Min_Heap_Size = 0x200
                0x0000000000000400                _Min_Stack_Size = 0x400

.isr_vector     0x0000000008000000      0x194
                0x0000000008000000                . = ALIGN (0x4)
 *(.isr_vector)
 .isr_vector    0x0000000008000000      0x194 ./Core/Startup/startup_stm32f401ccux.o
                0x0000000008000000                g_pfnVectors
                0x0000000008000194                . = ALIGN (0x4)

.text           0x00000000080001a0     0xdd78
                0x00000000080001a0                . = ALIGN (0x4)
 *(.text)
 .text          0x00000000080001a0       0x40 d:/stm_32/file extracted/stm32cubeide_1.11.0/stm32cubeide/plugins/com.st.stm32cube.ide.mcu.externaltools.gnu-tools-for-stm32.10.3-2021.10.win32_1.0.100.202210260954/tools/bin/../lib/gcc/arm-none-eabi/10.3.1/thumb/v7e-m+fp/hard/crtbegin.o
 .text          0x00000000080001e0       0x10 d:/stm_32/file extracted/stm32cubeide_1.11.0/stm32cubeide/plugins/com.st.stm32cube.ide.mcu.externaltools.gnu-tools-for-stm32.10.3-2021.10.win32_1.0.100.202210260954/tools/bin/../lib/gcc/arm-none-eabi/10.3.1/../../../../arm-none-eabi/lib/thumb/v7e-m+fp/hard\libc_nano.a(lib_a-strlen.o)
                0x00000000080001e0                strlen
 .text          0x00000000080001f0       0xa0 d:/stm_32/file extracted/stm32cubeide_1.11.0/stm32cubeide/plugins/com.st.stm32cube.ide.mcu.externaltools.gnu-tools-for-stm32.10.3-2021.10.win32_1.0.100.202210260954/tools/bin/../lib/gcc/arm-none-eabi/10.3.1/../../../../arm-none-eabi/lib/thumb/v7e-m+fp/hard\libc_nano.a(lib_a-memchr.o)
                0x00000000080001f0                memchr
 .text          0x0000000008000290       0x30 d:/stm_32/file extracted/stm32cubeide_1.11.0/stm32cubeide/plugins/com.st.stm32cube.ide.mcu.externaltools.gnu-tools-for-stm32.10.3-2021.10.win32_1.0.100.202210260954/tools/bin/../lib/gcc/arm-none-eabi/10.3.1/thumb/v7e-m+fp/hard\libgcc.a(_aeabi_uldivmod.o)
                0x0000000008000290                __aeabi_uldivmod
 .text          0x00000000080002c0      0x2d0 d:/stm_32/file extracted/stm32cubeide_1.11.0/stm32cubeide/plugins/com.st.stm32cube.ide.mcu.externaltools.gnu-tools-for-stm32.10.3-2021.10.win32_1.0.100.202210260954/tools/bin/../lib/gcc/arm-none-eabi/10.3.1/thumb/v7e-m+fp/hard\libgcc.a(_udivmoddi4.o)
                0x00000000080002c0                __udivmoddi4
 .text          0x0000000008000590        0x4 d:/stm_32/file extracted/stm32cubeide_1.11.0/stm32cubeide/plugins/com.st.stm32cube.ide.mcu.externaltools.gnu-tools-for-stm32.10.3-2021.10.win32_1.0.100.202210260954/tools/bin/../lib/gcc/arm-none-eabi/10.3.1/thumb/v7e-m+fp/hard\libgcc.a(_dvmd_tls.o)
                0x0000000008000590                __aeabi_idiv0
                0x0000000008000590                __aeabi_ldiv0
 *(.text*)
 .text.vApplicationGetIdleTaskMemory
                0x0000000008000594       0x34 ./Core/Src/freertos.o
                0x0000000008000594                vApplicationGetIdleTaskMemory
 .text.send_CDC
                0x00000000080005c8      0x140 ./Core/Src/main.o
                0x00000000080005c8                send_CDC
 .text.main     0x0000000008000708       0xe4 ./Core/Src/main.o
                0x0000000008000708                main
 .text.SystemClock_Config
                0x00000000080007ec       0xd8 ./Core/Src/main.o
                0x00000000080007ec                SystemClock_Config
 .text.MX_I2C1_Init
                0x00000000080008c4       0x5c ./Core/Src/main.o
 .text.MX_I2C2_Init
                0x0000000008000920       0x5c ./Core/Src/main.o
 .text.MX_USART1_UART_Init
                0x000000000800097c       0x54 ./Core/Src/main.o
 .text.MX_GPIO_Init
                0x00000000080009d0       0xc0 ./Core/Src/main.o
 .text.AS1_AboveNormalTask
                0x0000000008000a90       0x6c ./Core/Src/main.o
                0x0000000008000a90                AS1_AboveNormalTask
 .text.AS2_AboveNormalTask
                0x0000000008000afc       0x6c ./Core/Src/main.o
                0x0000000008000afc                AS2_AboveNormalTask
 .text.StartDefaultTask
                0x0000000008000b68       0x94 ./Core/Src/main.o
                0x0000000008000b68                StartDefaultTask
 .text.HAL_TIM_PeriodElapsedCallback
                0x0000000008000bfc       0x24 ./Core/Src/main.o
                0x0000000008000bfc                HAL_TIM_PeriodElapsedCallback
 .text.Error_Handler
                0x0000000008000c20        0xa ./Core/Src/main.o
                0x0000000008000c20                Error_Handler
 *fill*         0x0000000008000c2a        0x2 
 .text.HAL_MspInit
                0x0000000008000c2c       0x58 ./Core/Src/stm32f4xx_hal_msp.o
                0x0000000008000c2c                HAL_MspInit
 .text.HAL_I2C_MspInit
                0x0000000008000c84      0x138 ./Core/Src/stm32f4xx_hal_msp.o
                0x0000000008000c84                HAL_I2C_MspInit
 .text.HAL_UART_MspInit
                0x0000000008000dbc       0x90 ./Core/Src/stm32f4xx_hal_msp.o
                0x0000000008000dbc                HAL_UART_MspInit
 .text.HAL_InitTick
                0x0000000008000e4c       0xf8 ./Core/Src/stm32f4xx_hal_timebase_tim.o
                0x0000000008000e4c                HAL_InitTick
 .text.NMI_Handler
                0x0000000008000f44        0x6 ./Core/Src/stm32f4xx_it.o
                0x0000000008000f44                NMI_Handler
 .text.HardFault_Handler
                0x0000000008000f4a        0x6 ./Core/Src/stm32f4xx_it.o
                0x0000000008000f4a                HardFault_Handler
 .text.MemManage_Handler
                0x0000000008000f50        0x6 ./Core/Src/stm32f4xx_it.o
                0x0000000008000f50                MemManage_Handler
 .text.BusFault_Handler
                0x0000000008000f56        0x6 ./Core/Src/stm32f4xx_it.o
                0x0000000008000f56                BusFault_Handler
 .text.UsageFault_Handler
                0x0000000008000f5c        0x6 ./Core/Src/stm32f4xx_it.o
                0x0000000008000f5c                UsageFault_Handler
 .text.DebugMon_Handler
                0x0000000008000f62        0xe ./Core/Src/stm32f4xx_it.o
                0x0000000008000f62                DebugMon_Handler
 .text.I2C1_EV_IRQHandler
                0x0000000008000f70       0x14 ./Core/Src/stm32f4xx_it.o
                0x0000000008000f70                I2C1_EV_IRQHandler
 .text.I2C1_ER_IRQHandler
                0x0000000008000f84       0x14 ./Core/Src/stm32f4xx_it.o
                0x0000000008000f84                I2C1_ER_IRQHandler
 .text.TIM5_IRQHandler
                0x0000000008000f98       0x14 ./Core/Src/stm32f4xx_it.o
                0x0000000008000f98                TIM5_IRQHandler
 .text.OTG_FS_IRQHandler
                0x0000000008000fac       0x14 ./Core/Src/stm32f4xx_it.o
                0x0000000008000fac                OTG_FS_IRQHandler
 .text._sbrk    0x0000000008000fc0       0x6c ./Core/Src/sysmem.o
                0x0000000008000fc0                _sbrk
 .text.SystemInit
                0x000000000800102c       0x24 ./Core/Src/system_stm32f4xx.o
                0x000000000800102c                SystemInit
 .text.Reset_Handler
                0x0000000008001050       0x50 ./Core/Startup/startup_stm32f401ccux.o
                0x0000000008001050                Reset_Handler
 .text.Default_Handler
                0x00000000080010a0        0x2 ./Core/Startup/startup_stm32f401ccux.o
                0x00000000080010a0                RTC_Alarm_IRQHandler
                0x00000000080010a0                EXTI2_IRQHandler
                0x00000000080010a0                SPI4_IRQHandler
                0x00000000080010a0                TIM1_CC_IRQHandler
                0x00000000080010a0                DMA2_Stream5_IRQHandler
                0x00000000080010a0                DMA1_Stream5_IRQHandler
                0x00000000080010a0                PVD_IRQHandler
                0x00000000080010a0                SDIO_IRQHandler
                0x00000000080010a0                TAMP_STAMP_IRQHandler
                0x00000000080010a0                EXTI3_IRQHandler
                0x00000000080010a0                TIM1_UP_TIM10_IRQHandler
                0x00000000080010a0                I2C3_ER_IRQHandler
                0x00000000080010a0                EXTI0_IRQHandler
                0x00000000080010a0                I2C2_EV_IRQHandler
                0x00000000080010a0                DMA1_Stream2_IRQHandler
                0x00000000080010a0                FPU_IRQHandler
                0x00000000080010a0                DMA2_Stream2_IRQHandler
                0x00000000080010a0                SPI1_IRQHandler
                0x00000000080010a0                TIM1_BRK_TIM9_IRQHandler
                0x00000000080010a0                DMA2_Stream3_IRQHandler
                0x00000000080010a0                USART6_IRQHandler
                0x00000000080010a0                DMA2_Stream0_IRQHandler
                0x00000000080010a0                TIM4_IRQHandler
                0x00000000080010a0                DMA1_Stream6_IRQHandler
                0x00000000080010a0                DMA1_Stream1_IRQHandler
                0x00000000080010a0                TIM3_IRQHandler
                0x00000000080010a0                RCC_IRQHandler
                0x00000000080010a0                Default_Handler
                0x00000000080010a0                EXTI15_10_IRQHandler
                0x00000000080010a0                ADC_IRQHandler
                0x00000000080010a0                DMA1_Stream7_IRQHandler
                0x00000000080010a0                DMA2_Stream7_IRQHandler
                0x00000000080010a0                I2C3_EV_IRQHandler
                0x00000000080010a0                EXTI9_5_IRQHandler
                0x00000000080010a0                RTC_WKUP_IRQHandler
                0x00000000080010a0                SPI2_IRQHandler
                0x00000000080010a0                DMA1_Stream0_IRQHandler
                0x00000000080010a0                EXTI4_IRQHandler
                0x00000000080010a0                WWDG_IRQHandler
                0x00000000080010a0                TIM2_IRQHandler
                0x00000000080010a0                OTG_FS_WKUP_IRQHandler
                0x00000000080010a0                TIM1_TRG_COM_TIM11_IRQHandler
                0x00000000080010a0                EXTI1_IRQHandler
                0x00000000080010a0                USART2_IRQHandler
                0x00000000080010a0                I2C2_ER_IRQHandler
                0x00000000080010a0                DMA2_Stream1_IRQHandler
                0x00000000080010a0                FLASH_IRQHandler
                0x00000000080010a0                DMA2_Stream4_IRQHandler
                0x00000000080010a0                USART1_IRQHandler
                0x00000000080010a0                SPI3_IRQHandler
                0x00000000080010a0                DMA1_Stream4_IRQHandler
                0x00000000080010a0                DMA2_Stream6_IRQHandler
                0x00000000080010a0                DMA1_Stream3_IRQHandler
 *fill*         0x00000000080010a2        0x2 
 .text.HAL_Init
                0x00000000080010a4       0x44 ./Drivers/STM32F4xx_HAL_Driver/Src/stm32f4xx_hal.o
                0x00000000080010a4                HAL_Init
 .text.HAL_IncTick
                0x00000000080010e8       0x28 ./Drivers/STM32F4xx_HAL_Driver/Src/stm32f4xx_hal.o
                0x00000000080010e8                HAL_IncTick
 .text.HAL_GetTick
                0x0000000008001110       0x18 ./Drivers/STM32F4xx_HAL_Driver/Src/stm32f4xx_hal.o
                0x0000000008001110                HAL_GetTick
 .text.HAL_Delay
                0x0000000008001128       0x48 ./Drivers/STM32F4xx_HAL_Driver/Src/stm32f4xx_hal.o
                0x0000000008001128                HAL_Delay
 .text.__NVIC_SetPriorityGrouping
                0x0000000008001170       0x48 ./Drivers/STM32F4xx_HAL_Driver/Src/stm32f4xx_hal_cortex.o
 .text.__NVIC_GetPriorityGrouping
                0x00000000080011b8       0x1c ./Drivers/STM32F4xx_HAL_Driver/Src/stm32f4xx_hal_cortex.o
 .text.__NVIC_EnableIRQ
                0x00000000080011d4       0x3c ./Drivers/STM32F4xx_HAL_Driver/Src/stm32f4xx_hal_cortex.o
 .text.__NVIC_SetPriority
                0x0000000008001210       0x54 ./Drivers/STM32F4xx_HAL_Driver/Src/stm32f4xx_hal_cortex.o
 .text.NVIC_EncodePriority
                0x0000000008001264       0x66 ./Drivers/STM32F4xx_HAL_Driver/Src/stm32f4xx_hal_cortex.o
 .text.HAL_NVIC_SetPriorityGrouping
                0x00000000080012ca       0x16 ./Drivers/STM32F4xx_HAL_Driver/Src/stm32f4xx_hal_cortex.o
                0x00000000080012ca                HAL_NVIC_SetPriorityGrouping
 .text.HAL_NVIC_SetPriority
                0x00000000080012e0       0x38 ./Drivers/STM32F4xx_HAL_Driver/Src/stm32f4xx_hal_cortex.o
                0x00000000080012e0                HAL_NVIC_SetPriority
 .text.HAL_NVIC_EnableIRQ
                0x0000000008001318       0x1c ./Drivers/STM32F4xx_HAL_Driver/Src/stm32f4xx_hal_cortex.o
                0x0000000008001318                HAL_NVIC_EnableIRQ
 .text.HAL_DMA_Abort_IT
                0x0000000008001334       0x44 ./Drivers/STM32F4xx_HAL_Driver/Src/stm32f4xx_hal_dma.o
                0x0000000008001334                HAL_DMA_Abort_IT
 .text.HAL_DMA_GetState
                0x0000000008001378       0x1c ./Drivers/STM32F4xx_HAL_Driver/Src/stm32f4xx_hal_dma.o
                0x0000000008001378                HAL_DMA_GetState
 .text.HAL_GPIO_Init
                0x0000000008001394      0x308 ./Drivers/STM32F4xx_HAL_Driver/Src/stm32f4xx_hal_gpio.o
                0x0000000008001394                HAL_GPIO_Init
 .text.HAL_GPIO_WritePin
                0x000000000800169c       0x32 ./Drivers/STM32F4xx_HAL_Driver/Src/stm32f4xx_hal_gpio.o
                0x000000000800169c                HAL_GPIO_WritePin
 *fill*         0x00000000080016ce        0x2 
 .text.HAL_I2C_Init
                0x00000000080016d0      0x288 ./Drivers/STM32F4xx_HAL_Driver/Src/stm32f4xx_hal_i2c.o
                0x00000000080016d0                HAL_I2C_Init
 .text.HAL_I2C_Mem_Read
                0x0000000008001958      0x44c ./Drivers/STM32F4xx_HAL_Driver/Src/stm32f4xx_hal_i2c.o
                0x0000000008001958                HAL_I2C_Mem_Read
 .text.HAL_I2C_EV_IRQHandler
                0x0000000008001da4      0x2e2 ./Drivers/STM32F4xx_HAL_Driver/Src/stm32f4xx_hal_i2c.o
                0x0000000008001da4                HAL_I2C_EV_IRQHandler
 .text.HAL_I2C_ER_IRQHandler
                0x0000000008002086      0x14e ./Drivers/STM32F4xx_HAL_Driver/Src/stm32f4xx_hal_i2c.o
                0x0000000008002086                HAL_I2C_ER_IRQHandler
 .text.HAL_I2C_MasterTxCpltCallback
                0x00000000080021d4       0x14 ./Drivers/STM32F4xx_HAL_Driver/Src/stm32f4xx_hal_i2c.o
                0x00000000080021d4                HAL_I2C_MasterTxCpltCallback
 .text.HAL_I2C_MasterRxCpltCallback
                0x00000000080021e8       0x14 ./Drivers/STM32F4xx_HAL_Driver/Src/stm32f4xx_hal_i2c.o
                0x00000000080021e8                HAL_I2C_MasterRxCpltCallback
 .text.HAL_I2C_SlaveTxCpltCallback
                0x00000000080021fc       0x14 ./Drivers/STM32F4xx_HAL_Driver/Src/stm32f4xx_hal_i2c.o
                0x00000000080021fc                HAL_I2C_SlaveTxCpltCallback
 .text.HAL_I2C_SlaveRxCpltCallback
                0x0000000008002210       0x14 ./Drivers/STM32F4xx_HAL_Driver/Src/stm32f4xx_hal_i2c.o
                0x0000000008002210                HAL_I2C_SlaveRxCpltCallback
 .text.HAL_I2C_AddrCallback
                0x0000000008002224       0x1c ./Drivers/STM32F4xx_HAL_Driver/Src/stm32f4xx_hal_i2c.o
                0x0000000008002224                HAL_I2C_AddrCallback
 .text.HAL_I2C_ListenCpltCallback
                0x0000000008002240       0x14 ./Drivers/STM32F4xx_HAL_Driver/Src/stm32f4xx_hal_i2c.o
                0x0000000008002240                HAL_I2C_ListenCpltCallback
 .text.HAL_I2C_MemTxCpltCallback
                0x0000000008002254       0x14 ./Drivers/STM32F4xx_HAL_Driver/Src/stm32f4xx_hal_i2c.o
                0x0000000008002254                HAL_I2C_MemTxCpltCallback
 .text.HAL_I2C_MemRxCpltCallback
                0x0000000008002268       0x14 ./Drivers/STM32F4xx_HAL_Driver/Src/stm32f4xx_hal_i2c.o
                0x0000000008002268                HAL_I2C_MemRxCpltCallback
 .text.HAL_I2C_ErrorCallback
                0x000000000800227c       0x14 ./Drivers/STM32F4xx_HAL_Driver/Src/stm32f4xx_hal_i2c.o
                0x000000000800227c                HAL_I2C_ErrorCallback
 .text.HAL_I2C_AbortCpltCallback
                0x0000000008002290       0x14 ./Drivers/STM32F4xx_HAL_Driver/Src/stm32f4xx_hal_i2c.o
                0x0000000008002290                HAL_I2C_AbortCpltCallback
 .text.I2C_MasterTransmit_TXE
                0x00000000080022a4      0x138 ./Drivers/STM32F4xx_HAL_Driver/Src/stm32f4xx_hal_i2c.o
 .text.I2C_MasterTransmit_BTF
                0x00000000080023dc       0xec ./Drivers/STM32F4xx_HAL_Driver/Src/stm32f4xx_hal_i2c.o
 .text.I2C_MemoryTransmit_TXE_BTF
                0x00000000080024c8      0x128 ./Drivers/STM32F4xx_HAL_Driver/Src/stm32f4xx_hal_i2c.o
 .text.I2C_MasterReceive_RXNE
                0x00000000080025f0      0x176 ./Drivers/STM32F4xx_HAL_Driver/Src/stm32f4xx_hal_i2c.o
 .text.I2C_MasterReceive_BTF
                0x0000000008002766      0x1d4 ./Drivers/STM32F4xx_HAL_Driver/Src/stm32f4xx_hal_i2c.o
 .text.I2C_Master_SB
                0x000000000800293a      0x10c ./Drivers/STM32F4xx_HAL_Driver/Src/stm32f4xx_hal_i2c.o
 .text.I2C_Master_ADD10
                0x0000000008002a46       0x54 ./Drivers/STM32F4xx_HAL_Driver/Src/stm32f4xx_hal_i2c.o
 .text.I2C_Master_ADDR
                0x0000000008002a9a      0x322 ./Drivers/STM32F4xx_HAL_Driver/Src/stm32f4xx_hal_i2c.o
 .text.I2C_SlaveTransmit_TXE
                0x0000000008002dbc       0x7a ./Drivers/STM32F4xx_HAL_Driver/Src/stm32f4xx_hal_i2c.o
 .text.I2C_SlaveTransmit_BTF
                0x0000000008002e36       0x42 ./Drivers/STM32F4xx_HAL_Driver/Src/stm32f4xx_hal_i2c.o
 .text.I2C_SlaveReceive_RXNE
                0x0000000008002e78       0x7c ./Drivers/STM32F4xx_HAL_Driver/Src/stm32f4xx_hal_i2c.o
 .text.I2C_SlaveReceive_BTF
                0x0000000008002ef4       0x44 ./Drivers/STM32F4xx_HAL_Driver/Src/stm32f4xx_hal_i2c.o
 .text.I2C_Slave_ADDR
                0x0000000008002f38       0x94 ./Drivers/STM32F4xx_HAL_Driver/Src/stm32f4xx_hal_i2c.o
 .text.I2C_Slave_STOPF
                0x0000000008002fcc      0x260 ./Drivers/STM32F4xx_HAL_Driver/Src/stm32f4xx_hal_i2c.o
 .text.I2C_Slave_AF
                0x000000000800322c       0xe0 ./Drivers/STM32F4xx_HAL_Driver/Src/stm32f4xx_hal_i2c.o
 .text.I2C_ITError
                0x000000000800330c      0x264 ./Drivers/STM32F4xx_HAL_Driver/Src/stm32f4xx_hal_i2c.o
 .text.I2C_RequestMemoryRead
                0x0000000008003570      0x1d0 ./Drivers/STM32F4xx_HAL_Driver/Src/stm32f4xx_hal_i2c.o
 .text.I2C_DMAAbort
                0x0000000008003740      0x150 ./Drivers/STM32F4xx_HAL_Driver/Src/stm32f4xx_hal_i2c.o
 .text.I2C_WaitOnFlagUntilTimeout
                0x0000000008003890       0xae ./Drivers/STM32F4xx_HAL_Driver/Src/stm32f4xx_hal_i2c.o
 .text.I2C_WaitOnMasterAddressFlagUntilTimeout
                0x000000000800393e       0xfe ./Drivers/STM32F4xx_HAL_Driver/Src/stm32f4xx_hal_i2c.o
 .text.I2C_WaitOnTXEFlagUntilTimeout
                0x0000000008003a3c       0x82 ./Drivers/STM32F4xx_HAL_Driver/Src/stm32f4xx_hal_i2c.o
 *fill*         0x0000000008003abe        0x2 
 .text.I2C_WaitOnSTOPRequestThroughIT
                0x0000000008003ac0       0x64 ./Drivers/STM32F4xx_HAL_Driver/Src/stm32f4xx_hal_i2c.o
 .text.I2C_WaitOnRXNEFlagUntilTimeout
                0x0000000008003b24       0xac ./Drivers/STM32F4xx_HAL_Driver/Src/stm32f4xx_hal_i2c.o
 .text.I2C_IsAcknowledgeFailed
                0x0000000008003bd0       0x5e ./Drivers/STM32F4xx_HAL_Driver/Src/stm32f4xx_hal_i2c.o
 .text.I2C_ConvertOtherXferOptions
                0x0000000008003c2e       0x36 ./Drivers/STM32F4xx_HAL_Driver/Src/stm32f4xx_hal_i2c.o
 .text.HAL_PCD_Init
                0x0000000008003c64      0x23a ./Drivers/STM32F4xx_HAL_Driver/Src/stm32f4xx_hal_pcd.o
                0x0000000008003c64                HAL_PCD_Init
 .text.HAL_PCD_Start
                0x0000000008003e9e       0x66 ./Drivers/STM32F4xx_HAL_Driver/Src/stm32f4xx_hal_pcd.o
                0x0000000008003e9e                HAL_PCD_Start
 .text.HAL_PCD_IRQHandler
                0x0000000008003f04      0x93e ./Drivers/STM32F4xx_HAL_Driver/Src/stm32f4xx_hal_pcd.o
                0x0000000008003f04                HAL_PCD_IRQHandler
 .text.HAL_PCD_SetAddress
                0x0000000008004842       0x4a ./Drivers/STM32F4xx_HAL_Driver/Src/stm32f4xx_hal_pcd.o
                0x0000000008004842                HAL_PCD_SetAddress
 .text.HAL_PCD_EP_Open
                0x000000000800488c       0xd0 ./Drivers/STM32F4xx_HAL_Driver/Src/stm32f4xx_hal_pcd.o
                0x000000000800488c                HAL_PCD_EP_Open
 .text.HAL_PCD_EP_Close
                0x000000000800495c       0x94 ./Drivers/STM32F4xx_HAL_Driver/Src/stm32f4xx_hal_pcd.o
                0x000000000800495c                HAL_PCD_EP_Close
 .text.HAL_PCD_EP_Receive
                0x00000000080049f0       0x96 ./Drivers/STM32F4xx_HAL_Driver/Src/stm32f4xx_hal_pcd.o
                0x00000000080049f0                HAL_PCD_EP_Receive
 .text.HAL_PCD_EP_GetRxCount
                0x0000000008004a86       0x30 ./Drivers/STM32F4xx_HAL_Driver/Src/stm32f4xx_hal_pcd.o
                0x0000000008004a86                HAL_PCD_EP_GetRxCount
 .text.HAL_PCD_EP_Transmit
                0x0000000008004ab6       0x94 ./Drivers/STM32F4xx_HAL_Driver/Src/stm32f4xx_hal_pcd.o
                0x0000000008004ab6                HAL_PCD_EP_Transmit
 .text.HAL_PCD_EP_SetStall
                0x0000000008004b4a       0xc8 ./Drivers/STM32F4xx_HAL_Driver/Src/stm32f4xx_hal_pcd.o
                0x0000000008004b4a                HAL_PCD_EP_SetStall
 .text.HAL_PCD_EP_ClrStall
                0x0000000008004c12       0xac ./Drivers/STM32F4xx_HAL_Driver/Src/stm32f4xx_hal_pcd.o
                0x0000000008004c12                HAL_PCD_EP_ClrStall
 .text.HAL_PCD_EP_Abort
                0x0000000008004cbe       0x62 ./Drivers/STM32F4xx_HAL_Driver/Src/stm32f4xx_hal_pcd.o
                0x0000000008004cbe                HAL_PCD_EP_Abort
 .text.PCD_WriteEmptyTxFifo
                0x0000000008004d20      0x11a ./Drivers/STM32F4xx_HAL_Driver/Src/stm32f4xx_hal_pcd.o
 *fill*         0x0000000008004e3a        0x2 
 .text.PCD_EP_OutXfrComplete_int
                0x0000000008004e3c      0x1d0 ./Drivers/STM32F4xx_HAL_Driver/Src/stm32f4xx_hal_pcd.o
 .text.PCD_EP_OutSetupPacket_int
                0x000000000800500c       0x8c ./Drivers/STM32F4xx_HAL_Driver/Src/stm32f4xx_hal_pcd.o
 .text.HAL_PCDEx_SetTxFiFo
                0x0000000008005098       0x8e ./Drivers/STM32F4xx_HAL_Driver/Src/stm32f4xx_hal_pcd_ex.o
                0x0000000008005098                HAL_PCDEx_SetTxFiFo
 .text.HAL_PCDEx_SetRxFiFo
                0x0000000008005126       0x22 ./Drivers/STM32F4xx_HAL_Driver/Src/stm32f4xx_hal_pcd_ex.o
                0x0000000008005126                HAL_PCDEx_SetRxFiFo
 .text.HAL_PCDEx_LPM_Callback
                0x0000000008005148       0x18 ./Drivers/STM32F4xx_HAL_Driver/Src/stm32f4xx_hal_pcd_ex.o
                0x0000000008005148                HAL_PCDEx_LPM_Callback
 .text.HAL_RCC_OscConfig
                0x0000000008005160      0x4f0 ./Drivers/STM32F4xx_HAL_Driver/Src/stm32f4xx_hal_rcc.o
                0x0000000008005160                HAL_RCC_OscConfig
 .text.HAL_RCC_ClockConfig
                0x0000000008005650      0x1cc ./Drivers/STM32F4xx_HAL_Driver/Src/stm32f4xx_hal_rcc.o
                0x0000000008005650                HAL_RCC_ClockConfig
 .text.HAL_RCC_GetSysClockFreq
                0x000000000800581c      0x18c ./Drivers/STM32F4xx_HAL_Driver/Src/stm32f4xx_hal_rcc.o
                0x000000000800581c                HAL_RCC_GetSysClockFreq
 .text.HAL_RCC_GetHCLKFreq
                0x00000000080059a8       0x18 ./Drivers/STM32F4xx_HAL_Driver/Src/stm32f4xx_hal_rcc.o
                0x00000000080059a8                HAL_RCC_GetHCLKFreq
 .text.HAL_RCC_GetPCLK1Freq
                0x00000000080059c0       0x28 ./Drivers/STM32F4xx_HAL_Driver/Src/stm32f4xx_hal_rcc.o
                0x00000000080059c0                HAL_RCC_GetPCLK1Freq
 .text.HAL_RCC_GetPCLK2Freq
                0x00000000080059e8       0x28 ./Drivers/STM32F4xx_HAL_Driver/Src/stm32f4xx_hal_rcc.o
                0x00000000080059e8                HAL_RCC_GetPCLK2Freq
 .text.HAL_RCC_GetClockConfig
                0x0000000008005a10       0x64 ./Drivers/STM32F4xx_HAL_Driver/Src/stm32f4xx_hal_rcc.o
                0x0000000008005a10                HAL_RCC_GetClockConfig
 .text.HAL_TIM_Base_Init
                0x0000000008005a74       0x9e ./Drivers/STM32F4xx_HAL_Driver/Src/stm32f4xx_hal_tim.o
                0x0000000008005a74                HAL_TIM_Base_Init
 .text.HAL_TIM_Base_MspInit
                0x0000000008005b12       0x14 ./Drivers/STM32F4xx_HAL_Driver/Src/stm32f4xx_hal_tim.o
                0x0000000008005b12                HAL_TIM_Base_MspInit
 *fill*         0x0000000008005b26        0x2 
 .text.HAL_TIM_Base_Start_IT
                0x0000000008005b28       0xc4 ./Drivers/STM32F4xx_HAL_Driver/Src/stm32f4xx_hal_tim.o
                0x0000000008005b28                HAL_TIM_Base_Start_IT
 .text.HAL_TIM_IRQHandler
                0x0000000008005bec      0x210 ./Drivers/STM32F4xx_HAL_Driver/Src/stm32f4xx_hal_tim.o
                0x0000000008005bec                HAL_TIM_IRQHandler
 .text.HAL_TIM_OC_DelayElapsedCallback
                0x0000000008005dfc       0x14 ./Drivers/STM32F4xx_HAL_Driver/Src/stm32f4xx_hal_tim.o
                0x0000000008005dfc                HAL_TIM_OC_DelayElapsedCallback
 .text.HAL_TIM_IC_CaptureCallback
                0x0000000008005e10       0x14 ./Drivers/STM32F4xx_HAL_Driver/Src/stm32f4xx_hal_tim.o
                0x0000000008005e10                HAL_TIM_IC_CaptureCallback
 .text.HAL_TIM_PWM_PulseFinishedCallback
                0x0000000008005e24       0x14 ./Drivers/STM32F4xx_HAL_Driver/Src/stm32f4xx_hal_tim.o
                0x0000000008005e24                HAL_TIM_PWM_PulseFinishedCallback
 .text.HAL_TIM_TriggerCallback
                0x0000000008005e38       0x14 ./Drivers/STM32F4xx_HAL_Driver/Src/stm32f4xx_hal_tim.o
                0x0000000008005e38                HAL_TIM_TriggerCallback
 .text.TIM_Base_SetConfig
                0x0000000008005e4c      0x100 ./Drivers/STM32F4xx_HAL_Driver/Src/stm32f4xx_hal_tim.o
                0x0000000008005e4c                TIM_Base_SetConfig
 .text.HAL_TIMEx_CommutCallback
                0x0000000008005f4c       0x14 ./Drivers/STM32F4xx_HAL_Driver/Src/stm32f4xx_hal_tim_ex.o
                0x0000000008005f4c                HAL_TIMEx_CommutCallback
 .text.HAL_TIMEx_BreakCallback
                0x0000000008005f60       0x14 ./Drivers/STM32F4xx_HAL_Driver/Src/stm32f4xx_hal_tim_ex.o
                0x0000000008005f60                HAL_TIMEx_BreakCallback
 .text.HAL_UART_Init
                0x0000000008005f74       0x9a ./Drivers/STM32F4xx_HAL_Driver/Src/stm32f4xx_hal_uart.o
                0x0000000008005f74                HAL_UART_Init
 *fill*         0x000000000800600e        0x2 
 .text.UART_SetConfig
                0x0000000008006010      0x4e8 ./Drivers/STM32F4xx_HAL_Driver/Src/stm32f4xx_hal_uart.o
 .text.USB_CoreInit
                0x00000000080064f8       0xc2 ./Drivers/STM32F4xx_HAL_Driver/Src/stm32f4xx_ll_usb.o
                0x00000000080064f8                USB_CoreInit
 *fill*         0x00000000080065ba        0x2 
 .text.USB_SetTurnaroundTime
                0x00000000080065bc      0x144 ./Drivers/STM32F4xx_HAL_Driver/Src/stm32f4xx_ll_usb.o
                0x00000000080065bc                USB_SetTurnaroundTime
 .text.USB_EnableGlobalInt
                0x0000000008006700       0x22 ./Drivers/STM32F4xx_HAL_Driver/Src/stm32f4xx_ll_usb.o
                0x0000000008006700                USB_EnableGlobalInt
 .text.USB_DisableGlobalInt
                0x0000000008006722       0x22 ./Drivers/STM32F4xx_HAL_Driver/Src/stm32f4xx_ll_usb.o
                0x0000000008006722                USB_DisableGlobalInt
 .text.USB_SetCurrentMode
                0x0000000008006744       0x98 ./Drivers/STM32F4xx_HAL_Driver/Src/stm32f4xx_ll_usb.o
                0x0000000008006744                USB_SetCurrentMode
 .text.USB_DevInit
                0x00000000080067dc      0x2c8 ./Drivers/STM32F4xx_HAL_Driver/Src/stm32f4xx_ll_usb.o
                0x00000000080067dc                USB_DevInit
 .text.USB_FlushTxFifo
                0x0000000008006aa4       0x68 ./Drivers/STM32F4xx_HAL_Driver/Src/stm32f4xx_ll_usb.o
                0x0000000008006aa4                USB_FlushTxFifo
 .text.USB_FlushRxFifo
                0x0000000008006b0c       0x60 ./Drivers/STM32F4xx_HAL_Driver/Src/stm32f4xx_ll_usb.o
                0x0000000008006b0c                USB_FlushRxFifo
 .text.USB_SetDevSpeed
                0x0000000008006b6c       0x32 ./Drivers/STM32F4xx_HAL_Driver/Src/stm32f4xx_ll_usb.o
                0x0000000008006b6c                USB_SetDevSpeed
 .text.USB_GetDevSpeed
                0x0000000008006b9e       0x4a ./Drivers/STM32F4xx_HAL_Driver/Src/stm32f4xx_ll_usb.o
                0x0000000008006b9e                USB_GetDevSpeed
 .text.USB_ActivateEndpoint
                0x0000000008006be8      0x10e ./Drivers/STM32F4xx_HAL_Driver/Src/stm32f4xx_ll_usb.o
                0x0000000008006be8                USB_ActivateEndpoint
 *fill*         0x0000000008006cf6        0x2 
 .text.USB_DeactivateEndpoint
                0x0000000008006cf8      0x1b8 ./Drivers/STM32F4xx_HAL_Driver/Src/stm32f4xx_ll_usb.o
                0x0000000008006cf8                USB_DeactivateEndpoint
 .text.USB_EPStartXfer
                0x0000000008006eb0      0x490 ./Drivers/STM32F4xx_HAL_Driver/Src/stm32f4xx_ll_usb.o
                0x0000000008006eb0                USB_EPStartXfer
 .text.USB_EP0StartXfer
                0x0000000008007340      0x2b0 ./Drivers/STM32F4xx_HAL_Driver/Src/stm32f4xx_ll_usb.o
                0x0000000008007340                USB_EP0StartXfer
 .text.USB_EPStopXfer
                0x00000000080075f0      0x154 ./Drivers/STM32F4xx_HAL_Driver/Src/stm32f4xx_ll_usb.o
                0x00000000080075f0                USB_EPStopXfer
 .text.USB_WritePacket
                0x0000000008007744       0x7c ./Drivers/STM32F4xx_HAL_Driver/Src/stm32f4xx_ll_usb.o
                0x0000000008007744                USB_WritePacket
 .text.USB_ReadPacket
                0x00000000080077c0       0xb0 ./Drivers/STM32F4xx_HAL_Driver/Src/stm32f4xx_ll_usb.o
                0x00000000080077c0                USB_ReadPacket
 .text.USB_EPSetStall
                0x0000000008007870       0xdc ./Drivers/STM32F4xx_HAL_Driver/Src/stm32f4xx_ll_usb.o
                0x0000000008007870                USB_EPSetStall
 .text.USB_EPClearStall
                0x000000000800794c       0xcc ./Drivers/STM32F4xx_HAL_Driver/Src/stm32f4xx_ll_usb.o
                0x000000000800794c                USB_EPClearStall
 .text.USB_SetDevAddress
                0x0000000008007a18       0x4c ./Drivers/STM32F4xx_HAL_Driver/Src/stm32f4xx_ll_usb.o
                0x0000000008007a18                USB_SetDevAddress
 .text.USB_DevConnect
                0x0000000008007a64       0x42 ./Drivers/STM32F4xx_HAL_Driver/Src/stm32f4xx_ll_usb.o
                0x0000000008007a64                USB_DevConnect
 .text.USB_DevDisconnect
                0x0000000008007aa6       0x42 ./Drivers/STM32F4xx_HAL_Driver/Src/stm32f4xx_ll_usb.o
                0x0000000008007aa6                USB_DevDisconnect
 .text.USB_ReadInterrupts
                0x0000000008007ae8       0x26 ./Drivers/STM32F4xx_HAL_Driver/Src/stm32f4xx_ll_usb.o
                0x0000000008007ae8                USB_ReadInterrupts
 .text.USB_ReadDevAllOutEpInterrupt
                0x0000000008007b0e       0x34 ./Drivers/STM32F4xx_HAL_Driver/Src/stm32f4xx_ll_usb.o
                0x0000000008007b0e                USB_ReadDevAllOutEpInterrupt
 .text.USB_ReadDevAllInEpInterrupt
                0x0000000008007b42       0x34 ./Drivers/STM32F4xx_HAL_Driver/Src/stm32f4xx_ll_usb.o
                0x0000000008007b42                USB_ReadDevAllInEpInterrupt
 .text.USB_ReadDevOutEPInterrupt
                0x0000000008007b76       0x3c ./Drivers/STM32F4xx_HAL_Driver/Src/stm32f4xx_ll_usb.o
                0x0000000008007b76                USB_ReadDevOutEPInterrupt
 .text.USB_ReadDevInEPInterrupt
                0x0000000008007bb2       0x5c ./Drivers/STM32F4xx_HAL_Driver/Src/stm32f4xx_ll_usb.o
                0x0000000008007bb2                USB_ReadDevInEPInterrupt
 .text.USB_GetMode
                0x0000000008007c0e       0x1c ./Drivers/STM32F4xx_HAL_Driver/Src/stm32f4xx_ll_usb.o
                0x0000000008007c0e                USB_GetMode
 .text.USB_ActivateSetup
                0x0000000008007c2a       0x46 ./Drivers/STM32F4xx_HAL_Driver/Src/stm32f4xx_ll_usb.o
                0x0000000008007c2a                USB_ActivateSetup
 .text.USB_EP0_OutStart
                0x0000000008007c70       0xbc ./Drivers/STM32F4xx_HAL_Driver/Src/stm32f4xx_ll_usb.o
                0x0000000008007c70                USB_EP0_OutStart
 .text.USB_CoreReset
                0x0000000008007d2c       0x68 ./Drivers/STM32F4xx_HAL_Driver/Src/stm32f4xx_ll_usb.o
 .text.USBD_CDC_Init
                0x0000000008007d94      0x1f0 ./Middlewares/ST/STM32_USB_Device_Library/Class/CDC/Src/usbd_cdc.o
 .text.USBD_CDC_DeInit
                0x0000000008007f84      0x104 ./Middlewares/ST/STM32_USB_Device_Library/Class/CDC/Src/usbd_cdc.o
 .text.USBD_CDC_Setup
                0x0000000008008088      0x1b8 ./Middlewares/ST/STM32_USB_Device_Library/Class/CDC/Src/usbd_cdc.o
 .text.USBD_CDC_DataIn
                0x0000000008008240       0xfe ./Middlewares/ST/STM32_USB_Device_Library/Class/CDC/Src/usbd_cdc.o
 .text.USBD_CDC_DataOut
                0x000000000800833e       0x70 ./Middlewares/ST/STM32_USB_Device_Library/Class/CDC/Src/usbd_cdc.o
 .text.USBD_CDC_EP0_RxReady
                0x00000000080083ae       0x76 ./Middlewares/ST/STM32_USB_Device_Library/Class/CDC/Src/usbd_cdc.o
 .text.USBD_CDC_GetFSCfgDesc
                0x0000000008008424       0x70 ./Middlewares/ST/STM32_USB_Device_Library/Class/CDC/Src/usbd_cdc.o
 .text.USBD_CDC_GetHSCfgDesc
                0x0000000008008494       0x70 ./Middlewares/ST/STM32_USB_Device_Library/Class/CDC/Src/usbd_cdc.o
 .text.USBD_CDC_GetOtherSpeedCfgDesc
                0x0000000008008504       0x70 ./Middlewares/ST/STM32_USB_Device_Library/Class/CDC/Src/usbd_cdc.o
 .text.USBD_CDC_GetDeviceQualifierDescriptor
                0x0000000008008574       0x20 ./Middlewares/ST/STM32_USB_Device_Library/Class/CDC/Src/usbd_cdc.o
                0x0000000008008574                USBD_CDC_GetDeviceQualifierDescriptor
 .text.USBD_CDC_RegisterInterface
                0x0000000008008594       0x34 ./Middlewares/ST/STM32_USB_Device_Library/Class/CDC/Src/usbd_cdc.o
                0x0000000008008594                USBD_CDC_RegisterInterface
 .text.USBD_CDC_SetTxBuffer
                0x00000000080085c8       0x44 ./Middlewares/ST/STM32_USB_Device_Library/Class/CDC/Src/usbd_cdc.o
                0x00000000080085c8                USBD_CDC_SetTxBuffer
 .text.USBD_CDC_SetRxBuffer
                0x000000000800860c       0x3a ./Middlewares/ST/STM32_USB_Device_Library/Class/CDC/Src/usbd_cdc.o
                0x000000000800860c                USBD_CDC_SetRxBuffer
 *fill*         0x0000000008008646        0x2 
 .text.USBD_CDC_TransmitPacket
                0x0000000008008648       0x8c ./Middlewares/ST/STM32_USB_Device_Library/Class/CDC/Src/usbd_cdc.o
                0x0000000008008648                USBD_CDC_TransmitPacket
 .text.USBD_CDC_ReceivePacket
                0x00000000080086d4       0x6c ./Middlewares/ST/STM32_USB_Device_Library/Class/CDC/Src/usbd_cdc.o
                0x00000000080086d4                USBD_CDC_ReceivePacket
 .text.USBD_Init
                0x0000000008008740       0x60 ./Middlewares/ST/STM32_USB_Device_Library/Core/Src/usbd_core.o
                0x0000000008008740                USBD_Init
 .text.USBD_RegisterClass
                0x00000000080087a0       0x6c ./Middlewares/ST/STM32_USB_Device_Library/Core/Src/usbd_core.o
                0x00000000080087a0                USBD_RegisterClass
 .text.USBD_Start
                0x000000000800880c       0x18 ./Middlewares/ST/STM32_USB_Device_Library/Core/Src/usbd_core.o
                0x000000000800880c                USBD_Start
 .text.USBD_RunTestMode
                0x0000000008008824       0x16 ./Middlewares/ST/STM32_USB_Device_Library/Core/Src/usbd_core.o
                0x0000000008008824                USBD_RunTestMode
 .text.USBD_SetClassConfig
                0x000000000800883a       0x38 ./Middlewares/ST/STM32_USB_Device_Library/Core/Src/usbd_core.o
                0x000000000800883a                USBD_SetClassConfig
 .text.USBD_ClrClassConfig
                0x0000000008008872       0x34 ./Middlewares/ST/STM32_USB_Device_Library/Core/Src/usbd_core.o
                0x0000000008008872                USBD_ClrClassConfig
 .text.USBD_LL_SetupStage
                0x00000000080088a6       0xaa ./Middlewares/ST/STM32_USB_Device_Library/Core/Src/usbd_core.o
                0x00000000080088a6                USBD_LL_SetupStage
 .text.USBD_LL_DataOutStage
                0x0000000008008950      0x166 ./Middlewares/ST/STM32_USB_Device_Library/Core/Src/usbd_core.o
                0x0000000008008950                USBD_LL_DataOutStage
 .text.USBD_LL_DataInStage
                0x0000000008008ab6      0x164 ./Middlewares/ST/STM32_USB_Device_Library/Core/Src/usbd_core.o
                0x0000000008008ab6                USBD_LL_DataInStage
 .text.USBD_LL_Reset
                0x0000000008008c1a       0xa4 ./Middlewares/ST/STM32_USB_Device_Library/Core/Src/usbd_core.o
                0x0000000008008c1a                USBD_LL_Reset
 .text.USBD_LL_SetSpeed
                0x0000000008008cbe       0x20 ./Middlewares/ST/STM32_USB_Device_Library/Core/Src/usbd_core.o
                0x0000000008008cbe                USBD_LL_SetSpeed
 .text.USBD_LL_Suspend
                0x0000000008008cde       0x2c ./Middlewares/ST/STM32_USB_Device_Library/Core/Src/usbd_core.o
                0x0000000008008cde                USBD_LL_Suspend
 .text.USBD_LL_Resume
                0x0000000008008d0a       0x30 ./Middlewares/ST/STM32_USB_Device_Library/Core/Src/usbd_core.o
                0x0000000008008d0a                USBD_LL_Resume
 .text.USBD_LL_SOF
                0x0000000008008d3a       0x40 ./Middlewares/ST/STM32_USB_Device_Library/Core/Src/usbd_core.o
                0x0000000008008d3a                USBD_LL_SOF
 .text.USBD_LL_IsoINIncomplete
                0x0000000008008d7a       0x64 ./Middlewares/ST/STM32_USB_Device_Library/Core/Src/usbd_core.o
                0x0000000008008d7a                USBD_LL_IsoINIncomplete
 .text.USBD_LL_IsoOUTIncomplete
                0x0000000008008dde       0x64 ./Middlewares/ST/STM32_USB_Device_Library/Core/Src/usbd_core.o
                0x0000000008008dde                USBD_LL_IsoOUTIncomplete
 .text.USBD_LL_DevConnected
                0x0000000008008e42       0x16 ./Middlewares/ST/STM32_USB_Device_Library/Core/Src/usbd_core.o
                0x0000000008008e42                USBD_LL_DevConnected
 .text.USBD_LL_DevDisconnected
                0x0000000008008e58       0x46 ./Middlewares/ST/STM32_USB_Device_Library/Core/Src/usbd_core.o
                0x0000000008008e58                USBD_LL_DevDisconnected
 .text.USBD_CoreFindIF
                0x0000000008008e9e       0x1a ./Middlewares/ST/STM32_USB_Device_Library/Core/Src/usbd_core.o
                0x0000000008008e9e                USBD_CoreFindIF
 .text.USBD_CoreFindEP
                0x0000000008008eb8       0x1a ./Middlewares/ST/STM32_USB_Device_Library/Core/Src/usbd_core.o
                0x0000000008008eb8                USBD_CoreFindEP
 .text.USBD_GetEpDesc
                0x0000000008008ed2       0x74 ./Middlewares/ST/STM32_USB_Device_Library/Core/Src/usbd_core.o
                0x0000000008008ed2                USBD_GetEpDesc
 .text.USBD_GetNextDesc
                0x0000000008008f46       0x3a ./Middlewares/ST/STM32_USB_Device_Library/Core/Src/usbd_core.o
                0x0000000008008f46                USBD_GetNextDesc
 .text.SWAPBYTE
                0x0000000008008f80       0x3c ./Middlewares/ST/STM32_USB_Device_Library/Core/Src/usbd_ctlreq.o
 .text.USBD_StdDevReq
                0x0000000008008fbc       0xe4 ./Middlewares/ST/STM32_USB_Device_Library/Core/Src/usbd_ctlreq.o
                0x0000000008008fbc                USBD_StdDevReq
 .text.USBD_StdItfReq
                0x00000000080090a0       0xd8 ./Middlewares/ST/STM32_USB_Device_Library/Core/Src/usbd_ctlreq.o
                0x00000000080090a0                USBD_StdItfReq
 .text.USBD_StdEPReq
                0x0000000008009178      0x33a ./Middlewares/ST/STM32_USB_Device_Library/Core/Src/usbd_ctlreq.o
                0x0000000008009178                USBD_StdEPReq
 *fill*         0x00000000080094b2        0x2 
 .text.USBD_GetDescriptor
                0x00000000080094b4      0x2d4 ./Middlewares/ST/STM32_USB_Device_Library/Core/Src/usbd_ctlreq.o
 .text.USBD_SetAddress
                0x0000000008009788       0x88 ./Middlewares/ST/STM32_USB_Device_Library/Core/Src/usbd_ctlreq.o
 .text.USBD_SetConfig
                0x0000000008009810      0x154 ./Middlewares/ST/STM32_USB_Device_Library/Core/Src/usbd_ctlreq.o
 .text.USBD_GetConfig
                0x0000000008009964       0x6c ./Middlewares/ST/STM32_USB_Device_Library/Core/Src/usbd_ctlreq.o
 .text.USBD_GetStatus
                0x00000000080099d0       0x68 ./Middlewares/ST/STM32_USB_Device_Library/Core/Src/usbd_ctlreq.o
 .text.USBD_SetFeature
                0x0000000008009a38       0x52 ./Middlewares/ST/STM32_USB_Device_Library/Core/Src/usbd_ctlreq.o
 .text.USBD_ClrFeature
                0x0000000008009a8a       0x44 ./Middlewares/ST/STM32_USB_Device_Library/Core/Src/usbd_ctlreq.o
 .text.USBD_ParseSetupRequest
                0x0000000008009ace       0x74 ./Middlewares/ST/STM32_USB_Device_Library/Core/Src/usbd_ctlreq.o
                0x0000000008009ace                USBD_ParseSetupRequest
 .text.USBD_CtlError
                0x0000000008009b42       0x22 ./Middlewares/ST/STM32_USB_Device_Library/Core/Src/usbd_ctlreq.o
                0x0000000008009b42                USBD_CtlError
 .text.USBD_GetString
                0x0000000008009b64       0x8c ./Middlewares/ST/STM32_USB_Device_Library/Core/Src/usbd_ctlreq.o
                0x0000000008009b64                USBD_GetString
 .text.USBD_GetLen
                0x0000000008009bf0       0x34 ./Middlewares/ST/STM32_USB_Device_Library/Core/Src/usbd_ctlreq.o
 .text.USBD_CtlSendData
                0x0000000008009c24       0x36 ./Middlewares/ST/STM32_USB_Device_Library/Core/Src/usbd_ioreq.o
                0x0000000008009c24                USBD_CtlSendData
 .text.USBD_CtlContinueSendData
                0x0000000008009c5a       0x22 ./Middlewares/ST/STM32_USB_Device_Library/Core/Src/usbd_ioreq.o
                0x0000000008009c5a                USBD_CtlContinueSendData
 .text.USBD_CtlPrepareRx
                0x0000000008009c7c       0x3a ./Middlewares/ST/STM32_USB_Device_Library/Core/Src/usbd_ioreq.o
                0x0000000008009c7c                USBD_CtlPrepareRx
 .text.USBD_CtlContinueRx
                0x0000000008009cb6       0x22 ./Middlewares/ST/STM32_USB_Device_Library/Core/Src/usbd_ioreq.o
                0x0000000008009cb6                USBD_CtlContinueRx
 .text.USBD_CtlSendStatus
                0x0000000008009cd8       0x26 ./Middlewares/ST/STM32_USB_Device_Library/Core/Src/usbd_ioreq.o
                0x0000000008009cd8                USBD_CtlSendStatus
 .text.USBD_CtlReceiveStatus
                0x0000000008009cfe       0x26 ./Middlewares/ST/STM32_USB_Device_Library/Core/Src/usbd_ioreq.o
                0x0000000008009cfe                USBD_CtlReceiveStatus
 .text.makeFreeRtosPriority
                0x0000000008009d24       0x30 ./Middlewares/Third_Party/FreeRTOS/Source/CMSIS_RTOS/cmsis_os.o
 .text.inHandlerMode
                0x0000000008009d54       0x24 ./Middlewares/Third_Party/FreeRTOS/Source/CMSIS_RTOS/cmsis_os.o
 .text.osKernelStart
                0x0000000008009d78        0xe ./Middlewares/Third_Party/FreeRTOS/Source/CMSIS_RTOS/cmsis_os.o
                0x0000000008009d78                osKernelStart
 .text.osThreadCreate
                0x0000000008009d86       0x98 ./Middlewares/Third_Party/FreeRTOS/Source/CMSIS_RTOS/cmsis_os.o
                0x0000000008009d86                osThreadCreate
 .text.osDelay  0x0000000008009e1e       0x28 ./Middlewares/Third_Party/FreeRTOS/Source/CMSIS_RTOS/cmsis_os.o
                0x0000000008009e1e                osDelay
 .text.osMutexCreate
                0x0000000008009e46       0x30 ./Middlewares/Third_Party/FreeRTOS/Source/CMSIS_RTOS/cmsis_os.o
                0x0000000008009e46                osMutexCreate
 *fill*         0x0000000008009e76        0x2 
 .text.osMutexWait
                0x0000000008009e78       0x9c ./Middlewares/Third_Party/FreeRTOS/Source/CMSIS_RTOS/cmsis_os.o
                0x0000000008009e78                osMutexWait
 .text.osMutexRelease
                0x0000000008009f14       0x6c ./Middlewares/Third_Party/FreeRTOS/Source/CMSIS_RTOS/cmsis_os.o
                0x0000000008009f14                osMutexRelease
 .text.osMessageCreate
                0x0000000008009f80       0x50 ./Middlewares/Third_Party/FreeRTOS/Source/CMSIS_RTOS/cmsis_os.o
                0x0000000008009f80                osMessageCreate
 .text.osMessagePut
                0x0000000008009fd0       0x80 ./Middlewares/Third_Party/FreeRTOS/Source/CMSIS_RTOS/cmsis_os.o
                0x0000000008009fd0                osMessagePut
 .text.osMessageGet
                0x000000000800a050       0xe8 ./Middlewares/Third_Party/FreeRTOS/Source/CMSIS_RTOS/cmsis_os.o
                0x000000000800a050                osMessageGet
 .text.vListInitialise
                0x000000000800a138       0x40 ./Middlewares/Third_Party/FreeRTOS/Source/list.o
                0x000000000800a138                vListInitialise
 .text.vListInitialiseItem
                0x000000000800a178       0x1a ./Middlewares/Third_Party/FreeRTOS/Source/list.o
                0x000000000800a178                vListInitialiseItem
 .text.vListInsertEnd
                0x000000000800a192       0x48 ./Middlewares/Third_Party/FreeRTOS/Source/list.o
                0x000000000800a192                vListInsertEnd
 .text.vListInsert
                0x000000000800a1da       0x72 ./Middlewares/Third_Party/FreeRTOS/Source/list.o
                0x000000000800a1da                vListInsert
 .text.uxListRemove
                0x000000000800a24c       0x54 ./Middlewares/Third_Party/FreeRTOS/Source/list.o
                0x000000000800a24c                uxListRemove
 .text.xQueueGenericReset
                0x000000000800a2a0       0xd0 ./Middlewares/Third_Party/FreeRTOS/Source/queue.o
                0x000000000800a2a0                xQueueGenericReset
 .text.xQueueGenericCreateStatic
                0x000000000800a370       0xf0 ./Middlewares/Third_Party/FreeRTOS/Source/queue.o
                0x000000000800a370                xQueueGenericCreateStatic
 .text.xQueueGenericCreate
                0x000000000800a460       0x74 ./Middlewares/Third_Party/FreeRTOS/Source/queue.o
                0x000000000800a460                xQueueGenericCreate
 .text.prvInitialiseNewQueue
                0x000000000800a4d4       0x3e ./Middlewares/Third_Party/FreeRTOS/Source/queue.o
 .text.prvInitialiseMutex
                0x000000000800a512       0x34 ./Middlewares/Third_Party/FreeRTOS/Source/queue.o
 .text.xQueueCreateMutex
                0x000000000800a546       0x30 ./Middlewares/Third_Party/FreeRTOS/Source/queue.o
                0x000000000800a546                xQueueCreateMutex
 .text.xQueueCreateMutexStatic
                0x000000000800a576       0x36 ./Middlewares/Third_Party/FreeRTOS/Source/queue.o
                0x000000000800a576                xQueueCreateMutexStatic
 .text.xQueueGenericSend
                0x000000000800a5ac      0x1fc ./Middlewares/Third_Party/FreeRTOS/Source/queue.o
                0x000000000800a5ac                xQueueGenericSend
 .text.xQueueGenericSendFromISR
                0x000000000800a7a8      0x136 ./Middlewares/Third_Party/FreeRTOS/Source/queue.o
                0x000000000800a7a8                xQueueGenericSendFromISR
 .text.xQueueGiveFromISR
                0x000000000800a8de      0x11a ./Middlewares/Third_Party/FreeRTOS/Source/queue.o
                0x000000000800a8de                xQueueGiveFromISR
 .text.xQueueReceive
                0x000000000800a9f8      0x1c0 ./Middlewares/Third_Party/FreeRTOS/Source/queue.o
                0x000000000800a9f8                xQueueReceive
 .text.xQueueSemaphoreTake
                0x000000000800abb8      0x218 ./Middlewares/Third_Party/FreeRTOS/Source/queue.o
                0x000000000800abb8                xQueueSemaphoreTake
 .text.xQueueReceiveFromISR
                0x000000000800add0      0x100 ./Middlewares/Third_Party/FreeRTOS/Source/queue.o
                0x000000000800add0                xQueueReceiveFromISR
 .text.prvGetDisinheritPriorityAfterTimeout
                0x000000000800aed0       0x30 ./Middlewares/Third_Party/FreeRTOS/Source/queue.o
 .text.prvCopyDataToQueue
                0x000000000800af00       0xd4 ./Middlewares/Third_Party/FreeRTOS/Source/queue.o
 .text.prvCopyDataFromQueue
                0x000000000800afd4       0x4c ./Middlewares/Third_Party/FreeRTOS/Source/queue.o
 .text.prvUnlockQueue
                0x000000000800b020       0xa4 ./Middlewares/Third_Party/FreeRTOS/Source/queue.o
 .text.prvIsQueueEmpty
                0x000000000800b0c4       0x2c ./Middlewares/Third_Party/FreeRTOS/Source/queue.o
 .text.prvIsQueueFull
                0x000000000800b0f0       0x30 ./Middlewares/Third_Party/FreeRTOS/Source/queue.o
 .text.xTaskCreateStatic
                0x000000000800b120       0xba ./Middlewares/Third_Party/FreeRTOS/Source/tasks.o
                0x000000000800b120                xTaskCreateStatic
 .text.xTaskCreate
                0x000000000800b1da       0x8a ./Middlewares/Third_Party/FreeRTOS/Source/tasks.o
                0x000000000800b1da                xTaskCreate
 .text.prvInitialiseNewTask
                0x000000000800b264      0x13c ./Middlewares/Third_Party/FreeRTOS/Source/tasks.o
 .text.prvAddNewTaskToReadyList
                0x000000000800b3a0       0xd4 ./Middlewares/Third_Party/FreeRTOS/Source/tasks.o
 .text.vTaskDelay
                0x000000000800b474       0x68 ./Middlewares/Third_Party/FreeRTOS/Source/tasks.o
                0x000000000800b474                vTaskDelay
 .text.vTaskStartScheduler
                0x000000000800b4dc       0xd4 ./Middlewares/Third_Party/FreeRTOS/Source/tasks.o
                0x000000000800b4dc                vTaskStartScheduler
 .text.vTaskSuspendAll
                0x000000000800b5b0       0x1c ./Middlewares/Third_Party/FreeRTOS/Source/tasks.o
                0x000000000800b5b0                vTaskSuspendAll
 .text.xTaskResumeAll
                0x000000000800b5cc      0x138 ./Middlewares/Third_Party/FreeRTOS/Source/tasks.o
                0x000000000800b5cc                xTaskResumeAll
 .text.xTaskIncrementTick
                0x000000000800b704      0x170 ./Middlewares/Third_Party/FreeRTOS/Source/tasks.o
                0x000000000800b704                xTaskIncrementTick
 .text.vTaskSwitchContext
                0x000000000800b874       0xc4 ./Middlewares/Third_Party/FreeRTOS/Source/tasks.o
                0x000000000800b874                vTaskSwitchContext
 .text.vTaskPlaceOnEventList
                0x000000000800b938       0x48 ./Middlewares/Third_Party/FreeRTOS/Source/tasks.o
                0x000000000800b938                vTaskPlaceOnEventList
 .text.xTaskRemoveFromEventList
                0x000000000800b980       0xc4 ./Middlewares/Third_Party/FreeRTOS/Source/tasks.o
                0x000000000800b980                xTaskRemoveFromEventList
 .text.vTaskInternalSetTimeOutState
                0x000000000800ba44       0x2c ./Middlewares/Third_Party/FreeRTOS/Source/tasks.o
                0x000000000800ba44                vTaskInternalSetTimeOutState
 .text.xTaskCheckForTimeOut
                0x000000000800ba70       0xc4 ./Middlewares/Third_Party/FreeRTOS/Source/tasks.o
                0x000000000800ba70                xTaskCheckForTimeOut
 .text.vTaskMissedYield
                0x000000000800bb34       0x18 ./Middlewares/Third_Party/FreeRTOS/Source/tasks.o
                0x000000000800bb34                vTaskMissedYield
 .text.prvIdleTask
                0x000000000800bb4c       0x30 ./Middlewares/Third_Party/FreeRTOS/Source/tasks.o
 .text.prvInitialiseTaskLists
                0x000000000800bb7c       0x80 ./Middlewares/Third_Party/FreeRTOS/Source/tasks.o
 .text.prvCheckTasksWaitingTermination
                0x000000000800bbfc       0x5c ./Middlewares/Third_Party/FreeRTOS/Source/tasks.o
 .text.prvDeleteTCB
                0x000000000800bc58       0x68 ./Middlewares/Third_Party/FreeRTOS/Source/tasks.o
 .text.prvResetNextTaskUnblockTime
                0x000000000800bcc0       0x40 ./Middlewares/Third_Party/FreeRTOS/Source/tasks.o
 .text.xTaskGetSchedulerState
                0x000000000800bd00       0x3c ./Middlewares/Third_Party/FreeRTOS/Source/tasks.o
                0x000000000800bd00                xTaskGetSchedulerState
 .text.xTaskPriorityInherit
                0x000000000800bd3c       0xec ./Middlewares/Third_Party/FreeRTOS/Source/tasks.o
                0x000000000800bd3c                xTaskPriorityInherit
 .text.xTaskPriorityDisinherit
                0x000000000800be28      0x10c ./Middlewares/Third_Party/FreeRTOS/Source/tasks.o
                0x000000000800be28                xTaskPriorityDisinherit
 .text.vTaskPriorityDisinheritAfterTimeout
                0x000000000800bf34      0x11c ./Middlewares/Third_Party/FreeRTOS/Source/tasks.o
                0x000000000800bf34                vTaskPriorityDisinheritAfterTimeout
 .text.pvTaskIncrementMutexHeldCount
                0x000000000800c050       0x28 ./Middlewares/Third_Party/FreeRTOS/Source/tasks.o
                0x000000000800c050                pvTaskIncrementMutexHeldCount
 .text.prvAddCurrentTaskToDelayedList
                0x000000000800c078       0xcc ./Middlewares/Third_Party/FreeRTOS/Source/tasks.o
 .text.pxPortInitialiseStack
                0x000000000800c144       0x68 ./Middlewares/Third_Party/FreeRTOS/Source/portable/GCC/ARM_CM4F/port.o
                0x000000000800c144                pxPortInitialiseStack
 .text.prvTaskExitError
                0x000000000800c1ac       0x58 ./Middlewares/Third_Party/FreeRTOS/Source/portable/GCC/ARM_CM4F/port.o
 *fill*         0x000000000800c204        0xc 
 .text.SVC_Handler
                0x000000000800c210       0x28 ./Middlewares/Third_Party/FreeRTOS/Source/portable/GCC/ARM_CM4F/port.o
                0x000000000800c210                SVC_Handler
 .text.prvPortStartFirstTask
                0x000000000800c238       0x28 ./Middlewares/Third_Party/FreeRTOS/Source/portable/GCC/ARM_CM4F/port.o
 .text.xPortStartScheduler
                0x000000000800c260      0x144 ./Middlewares/Third_Party/FreeRTOS/Source/portable/GCC/ARM_CM4F/port.o
                0x000000000800c260                xPortStartScheduler
 .text.vPortEnterCritical
                0x000000000800c3a4       0x60 ./Middlewares/Third_Party/FreeRTOS/Source/portable/GCC/ARM_CM4F/port.o
                0x000000000800c3a4                vPortEnterCritical
 .text.vPortExitCritical
                0x000000000800c404       0x54 ./Middlewares/Third_Party/FreeRTOS/Source/portable/GCC/ARM_CM4F/port.o
                0x000000000800c404                vPortExitCritical
 *fill*         0x000000000800c458        0x8 
 .text.PendSV_Handler
                0x000000000800c460       0x68 ./Middlewares/Third_Party/FreeRTOS/Source/portable/GCC/ARM_CM4F/port.o
                0x000000000800c460                PendSV_Handler
 .text.SysTick_Handler
                0x000000000800c4c8       0x44 ./Middlewares/Third_Party/FreeRTOS/Source/portable/GCC/ARM_CM4F/port.o
                0x000000000800c4c8                SysTick_Handler
 .text.vPortSetupTimerInterrupt
                0x000000000800c50c       0x48 ./Middlewares/Third_Party/FreeRTOS/Source/portable/GCC/ARM_CM4F/port.o
                0x000000000800c50c                vPortSetupTimerInterrupt
 .text.vPortEnableVFP
                0x000000000800c554       0x14 ./Middlewares/Third_Party/FreeRTOS/Source/portable/GCC/ARM_CM4F/port.o
 .text.vPortValidateInterruptPriority
                0x000000000800c568       0x80 ./Middlewares/Third_Party/FreeRTOS/Source/portable/GCC/ARM_CM4F/port.o
                0x000000000800c568                vPortValidateInterruptPriority
 .text.pvPortMalloc
                0x000000000800c5e8      0x198 ./Middlewares/Third_Party/FreeRTOS/Source/portable/MemMang/heap_4.o
                0x000000000800c5e8                pvPortMalloc
 .text.vPortFree
                0x000000000800c780       0xc4 ./Middlewares/Third_Party/FreeRTOS/Source/portable/MemMang/heap_4.o
                0x000000000800c780                vPortFree
 .text.prvHeapInit
                0x000000000800c844       0xc4 ./Middlewares/Third_Party/FreeRTOS/Source/portable/MemMang/heap_4.o
 .text.prvInsertBlockIntoFreeList
                0x000000000800c908       0xb4 ./Middlewares/Third_Party/FreeRTOS/Source/portable/MemMang/heap_4.o
 .text.MX_USB_DEVICE_Init
                0x000000000800c9bc       0x60 ./USB_DEVICE/App/usb_device.o
                0x000000000800c9bc                MX_USB_DEVICE_Init
 .text.CDC_Init_FS
                0x000000000800ca1c       0x28 ./USB_DEVICE/App/usbd_cdc_if.o
 .text.CDC_DeInit_FS
                0x000000000800ca44       0x10 ./USB_DEVICE/App/usbd_cdc_if.o
 .text.CDC_Control_FS
                0x000000000800ca54       0xbc ./USB_DEVICE/App/usbd_cdc_if.o
 .text.CDC_Receive_FS
                0x000000000800cb10       0x28 ./USB_DEVICE/App/usbd_cdc_if.o
 .text.CDC_Transmit_FS
                0x000000000800cb38       0x4c ./USB_DEVICE/App/usbd_cdc_if.o
                0x000000000800cb38                CDC_Transmit_FS
 .text.CDC_TransmitCplt_FS
                0x000000000800cb84       0x22 ./USB_DEVICE/App/usbd_cdc_if.o
 *fill*         0x000000000800cba6        0x2 
 .text.USBD_FS_DeviceDescriptor
                0x000000000800cba8       0x24 ./USB_DEVICE/App/usbd_desc.o
                0x000000000800cba8                USBD_FS_DeviceDescriptor
 .text.USBD_FS_LangIDStrDescriptor
                0x000000000800cbcc       0x24 ./USB_DEVICE/App/usbd_desc.o
                0x000000000800cbcc                USBD_FS_LangIDStrDescriptor
 .text.USBD_FS_ProductStrDescriptor
                0x000000000800cbf0       0x3c ./USB_DEVICE/App/usbd_desc.o
                0x000000000800cbf0                USBD_FS_ProductStrDescriptor
 .text.USBD_FS_ManufacturerStrDescriptor
                0x000000000800cc2c       0x28 ./USB_DEVICE/App/usbd_desc.o
                0x000000000800cc2c                USBD_FS_ManufacturerStrDescriptor
 .text.USBD_FS_SerialStrDescriptor
                0x000000000800cc54       0x24 ./USB_DEVICE/App/usbd_desc.o
                0x000000000800cc54                USBD_FS_SerialStrDescriptor
 .text.USBD_FS_ConfigStrDescriptor
                0x000000000800cc78       0x3c ./USB_DEVICE/App/usbd_desc.o
                0x000000000800cc78                USBD_FS_ConfigStrDescriptor
 .text.USBD_FS_InterfaceStrDescriptor
                0x000000000800ccb4       0x3c ./USB_DEVICE/App/usbd_desc.o
                0x000000000800ccb4                USBD_FS_InterfaceStrDescriptor
 .text.Get_SerialNum
                0x000000000800ccf0       0x58 ./USB_DEVICE/App/usbd_desc.o
 .text.IntToUnicode
                0x000000000800cd48       0x7e ./USB_DEVICE/App/usbd_desc.o
 *fill*         0x000000000800cdc6        0x2 
 .text.HAL_PCD_MspInit
                0x000000000800cdc8       0xa8 ./USB_DEVICE/Target/usbd_conf.o
                0x000000000800cdc8                HAL_PCD_MspInit
 .text.HAL_PCD_SetupStageCallback
                0x000000000800ce70       0x24 ./USB_DEVICE/Target/usbd_conf.o
                0x000000000800ce70                HAL_PCD_SetupStageCallback
 .text.HAL_PCD_DataOutStageCallback
                0x000000000800ce94       0x36 ./USB_DEVICE/Target/usbd_conf.o
                0x000000000800ce94                HAL_PCD_DataOutStageCallback
 .text.HAL_PCD_DataInStageCallback
                0x000000000800ceca       0x34 ./USB_DEVICE/Target/usbd_conf.o
                0x000000000800ceca                HAL_PCD_DataInStageCallback
 .text.HAL_PCD_SOFCallback
                0x000000000800cefe       0x1c ./USB_DEVICE/Target/usbd_conf.o
                0x000000000800cefe                HAL_PCD_SOFCallback
 .text.HAL_PCD_ResetCallback
                0x000000000800cf1a       0x3c ./USB_DEVICE/Target/usbd_conf.o
                0x000000000800cf1a                HAL_PCD_ResetCallback
 *fill*         0x000000000800cf56        0x2 
 .text.HAL_PCD_SuspendCallback
                0x000000000800cf58       0x4c ./USB_DEVICE/Target/usbd_conf.o
                0x000000000800cf58                HAL_PCD_SuspendCallback
 .text.HAL_PCD_ResumeCallback
                0x000000000800cfa4       0x1c ./USB_DEVICE/Target/usbd_conf.o
                0x000000000800cfa4                HAL_PCD_ResumeCallback
 .text.HAL_PCD_ISOOUTIncompleteCallback
                0x000000000800cfc0       0x24 ./USB_DEVICE/Target/usbd_conf.o
                0x000000000800cfc0                HAL_PCD_ISOOUTIncompleteCallback
 .text.HAL_PCD_ISOINIncompleteCallback
                0x000000000800cfe4       0x24 ./USB_DEVICE/Target/usbd_conf.o
                0x000000000800cfe4                HAL_PCD_ISOINIncompleteCallback
 .text.HAL_PCD_ConnectCallback
                0x000000000800d008       0x1c ./USB_DEVICE/Target/usbd_conf.o
                0x000000000800d008                HAL_PCD_ConnectCallback
 .text.HAL_PCD_DisconnectCallback
                0x000000000800d024       0x1c ./USB_DEVICE/Target/usbd_conf.o
                0x000000000800d024                HAL_PCD_DisconnectCallback
 .text.USBD_LL_Init
                0x000000000800d040       0x98 ./USB_DEVICE/Target/usbd_conf.o
                0x000000000800d040                USBD_LL_Init
 .text.USBD_LL_Start
                0x000000000800d0d8       0x36 ./USB_DEVICE/Target/usbd_conf.o
                0x000000000800d0d8                USBD_LL_Start
 .text.USBD_LL_OpenEP
                0x000000000800d10e       0x4c ./USB_DEVICE/Target/usbd_conf.o
                0x000000000800d10e                USBD_LL_OpenEP
 .text.USBD_LL_CloseEP
                0x000000000800d15a       0x3e ./USB_DEVICE/Target/usbd_conf.o
                0x000000000800d15a                USBD_LL_CloseEP
 .text.USBD_LL_StallEP
                0x000000000800d198       0x3e ./USB_DEVICE/Target/usbd_conf.o
                0x000000000800d198                USBD_LL_StallEP
 .text.USBD_LL_ClearStallEP
                0x000000000800d1d6       0x3e ./USB_DEVICE/Target/usbd_conf.o
                0x000000000800d1d6                USBD_LL_ClearStallEP
 .text.USBD_LL_IsStallEP
                0x000000000800d214       0x58 ./USB_DEVICE/Target/usbd_conf.o
                0x000000000800d214                USBD_LL_IsStallEP
 .text.USBD_LL_SetUSBAddress
                0x000000000800d26c       0x3e ./USB_DEVICE/Target/usbd_conf.o
                0x000000000800d26c                USBD_LL_SetUSBAddress
 .text.USBD_LL_Transmit
                0x000000000800d2aa       0x42 ./USB_DEVICE/Target/usbd_conf.o
                0x000000000800d2aa                USBD_LL_Transmit
 .text.USBD_LL_PrepareReceive
                0x000000000800d2ec       0x42 ./USB_DEVICE/Target/usbd_conf.o
                0x000000000800d2ec                USBD_LL_PrepareReceive
 .text.USBD_LL_GetRxDataSize
                0x000000000800d32e       0x26 ./USB_DEVICE/Target/usbd_conf.o
                0x000000000800d32e                USBD_LL_GetRxDataSize
 .text.USBD_static_malloc
                0x000000000800d354       0x1c ./USB_DEVICE/Target/usbd_conf.o
                0x000000000800d354                USBD_static_malloc
 .text.USBD_static_free
                0x000000000800d370       0x14 ./USB_DEVICE/Target/usbd_conf.o
                0x000000000800d370                USBD_static_free
 .text.USBD_Get_USB_Status
                0x000000000800d384       0x58 ./USB_DEVICE/Target/usbd_conf.o
                0x000000000800d384                USBD_Get_USB_Status
 .text.AS5600_ReadRegister
                0x000000000800d3dc       0x58 ./as5600/as5600.o
                0x000000000800d3dc                AS5600_ReadRegister
 .text.AS5600_GetAngle
                0x000000000800d434       0x88 ./as5600/as5600.o
                0x000000000800d434                AS5600_GetAngle
 .text.__errno  0x000000000800d4bc        0xc d:/stm_32/file extracted/stm32cubeide_1.11.0/stm32cubeide/plugins/com.st.stm32cube.ide.mcu.externaltools.gnu-tools-for-stm32.10.3-2021.10.win32_1.0.100.202210260954/tools/bin/../lib/gcc/arm-none-eabi/10.3.1/../../../../arm-none-eabi/lib/thumb/v7e-m+fp/hard\libc_nano.a(lib_a-errno.o)
                0x000000000800d4bc                __errno
 .text.__libc_init_array
                0x000000000800d4c8       0x48 d:/stm_32/file extracted/stm32cubeide_1.11.0/stm32cubeide/plugins/com.st.stm32cube.ide.mcu.externaltools.gnu-tools-for-stm32.10.3-2021.10.win32_1.0.100.202210260954/tools/bin/../lib/gcc/arm-none-eabi/10.3.1/../../../../arm-none-eabi/lib/thumb/v7e-m+fp/hard\libc_nano.a(lib_a-init.o)
                0x000000000800d4c8                __libc_init_array
 .text.__retarget_lock_acquire_recursive
                0x000000000800d510        0x2 d:/stm_32/file extracted/stm32cubeide_1.11.0/stm32cubeide/plugins/com.st.stm32cube.ide.mcu.externaltools.gnu-tools-for-stm32.10.3-2021.10.win32_1.0.100.202210260954/tools/bin/../lib/gcc/arm-none-eabi/10.3.1/../../../../arm-none-eabi/lib/thumb/v7e-m+fp/hard\libc_nano.a(lib_a-lock.o)
                0x000000000800d510                __retarget_lock_acquire_recursive
 .text.__retarget_lock_release_recursive
                0x000000000800d512        0x2 d:/stm_32/file extracted/stm32cubeide_1.11.0/stm32cubeide/plugins/com.st.stm32cube.ide.mcu.externaltools.gnu-tools-for-stm32.10.3-2021.10.win32_1.0.100.202210260954/tools/bin/../lib/gcc/arm-none-eabi/10.3.1/../../../../arm-none-eabi/lib/thumb/v7e-m+fp/hard\libc_nano.a(lib_a-lock.o)
                0x000000000800d512                __retarget_lock_release_recursive
 .text.memcpy   0x000000000800d514       0x1c d:/stm_32/file extracted/stm32cubeide_1.11.0/stm32cubeide/plugins/com.st.stm32cube.ide.mcu.externaltools.gnu-tools-for-stm32.10.3-2021.10.win32_1.0.100.202210260954/tools/bin/../lib/gcc/arm-none-eabi/10.3.1/../../../../arm-none-eabi/lib/thumb/v7e-m+fp/hard\libc_nano.a(lib_a-memcpy-stub.o)
                0x000000000800d514                memcpy
 .text.memset   0x000000000800d530       0x10 d:/stm_32/file extracted/stm32cubeide_1.11.0/stm32cubeide/plugins/com.st.stm32cube.ide.mcu.externaltools.gnu-tools-for-stm32.10.3-2021.10.win32_1.0.100.202210260954/tools/bin/../lib/gcc/arm-none-eabi/10.3.1/../../../../arm-none-eabi/lib/thumb/v7e-m+fp/hard\libc_nano.a(lib_a-memset.o)
                0x000000000800d530                memset
 .text.sbrk_aligned
                0x000000000800d540       0x40 d:/stm_32/file extracted/stm32cubeide_1.11.0/stm32cubeide/plugins/com.st.stm32cube.ide.mcu.externaltools.gnu-tools-for-stm32.10.3-2021.10.win32_1.0.100.202210260954/tools/bin/../lib/gcc/arm-none-eabi/10.3.1/../../../../arm-none-eabi/lib/thumb/v7e-m+fp/hard\libc_nano.a(lib_a-nano-mallocr.o)
 .text._malloc_r
                0x000000000800d580       0xe8 d:/stm_32/file extracted/stm32cubeide_1.11.0/stm32cubeide/plugins/com.st.stm32cube.ide.mcu.externaltools.gnu-tools-for-stm32.10.3-2021.10.win32_1.0.100.202210260954/tools/bin/../lib/gcc/arm-none-eabi/10.3.1/../../../../arm-none-eabi/lib/thumb/v7e-m+fp/hard\libc_nano.a(lib_a-nano-mallocr.o)
                0x000000000800d580                _malloc_r
 .text.cleanup_glue
                0x000000000800d668       0x1a d:/stm_32/file extracted/stm32cubeide_1.11.0/stm32cubeide/plugins/com.st.stm32cube.ide.mcu.externaltools.gnu-tools-for-stm32.10.3-2021.10.win32_1.0.100.202210260954/tools/bin/../lib/gcc/arm-none-eabi/10.3.1/../../../../arm-none-eabi/lib/thumb/v7e-m+fp/hard\libc_nano.a(lib_a-reent.o)
                0x000000000800d668                cleanup_glue
 *fill*         0x000000000800d682        0x2 
 .text._reclaim_reent
                0x000000000800d684       0xb8 d:/stm_32/file extracted/stm32cubeide_1.11.0/stm32cubeide/plugins/com.st.stm32cube.ide.mcu.externaltools.gnu-tools-for-stm32.10.3-2021.10.win32_1.0.100.202210260954/tools/bin/../lib/gcc/arm-none-eabi/10.3.1/../../../../arm-none-eabi/lib/thumb/v7e-m+fp/hard\libc_nano.a(lib_a-reent.o)
                0x000000000800d684                _reclaim_reent
 .text._sbrk_r  0x000000000800d73c       0x20 d:/stm_32/file extracted/stm32cubeide_1.11.0/stm32cubeide/plugins/com.st.stm32cube.ide.mcu.externaltools.gnu-tools-for-stm32.10.3-2021.10.win32_1.0.100.202210260954/tools/bin/../lib/gcc/arm-none-eabi/10.3.1/../../../../arm-none-eabi/lib/thumb/v7e-m+fp/hard\libc_nano.a(lib_a-sbrkr.o)
                0x000000000800d73c                _sbrk_r
 .text.sprintf  0x000000000800d75c       0x40 d:/stm_32/file extracted/stm32cubeide_1.11.0/stm32cubeide/plugins/com.st.stm32cube.ide.mcu.externaltools.gnu-tools-for-stm32.10.3-2021.10.win32_1.0.100.202210260954/tools/bin/../lib/gcc/arm-none-eabi/10.3.1/../../../../arm-none-eabi/lib/thumb/v7e-m+fp/hard\libc_nano.a(lib_a-sprintf.o)
                0x000000000800d75c                siprintf
                0x000000000800d75c                sprintf
 .text.strcat   0x000000000800d79c       0x1e d:/stm_32/file extracted/stm32cubeide_1.11.0/stm32cubeide/plugins/com.st.stm32cube.ide.mcu.externaltools.gnu-tools-for-stm32.10.3-2021.10.win32_1.0.100.202210260954/tools/bin/../lib/gcc/arm-none-eabi/10.3.1/../../../../arm-none-eabi/lib/thumb/v7e-m+fp/hard\libc_nano.a(lib_a-strcat.o)
                0x000000000800d79c                strcat
 .text.strcpy   0x000000000800d7ba       0x10 d:/stm_32/file extracted/stm32cubeide_1.11.0/stm32cubeide/plugins/com.st.stm32cube.ide.mcu.externaltools.gnu-tools-for-stm32.10.3-2021.10.win32_1.0.100.202210260954/tools/bin/../lib/gcc/arm-none-eabi/10.3.1/../../../../arm-none-eabi/lib/thumb/v7e-m+fp/hard\libc_nano.a(lib_a-strcpy.o)
                0x000000000800d7ba                strcpy
 *fill*         0x000000000800d7ca        0x2 
 .text.__malloc_lock
                0x000000000800d7cc        0xc d:/stm_32/file extracted/stm32cubeide_1.11.0/stm32cubeide/plugins/com.st.stm32cube.ide.mcu.externaltools.gnu-tools-for-stm32.10.3-2021.10.win32_1.0.100.202210260954/tools/bin/../lib/gcc/arm-none-eabi/10.3.1/../../../../arm-none-eabi/lib/thumb/v7e-m+fp/hard\libc_nano.a(lib_a-mlock.o)
                0x000000000800d7cc                __malloc_lock
 .text.__malloc_unlock
                0x000000000800d7d8        0xc d:/stm_32/file extracted/stm32cubeide_1.11.0/stm32cubeide/plugins/com.st.stm32cube.ide.mcu.externaltools.gnu-tools-for-stm32.10.3-2021.10.win32_1.0.100.202210260954/tools/bin/../lib/gcc/arm-none-eabi/10.3.1/../../../../arm-none-eabi/lib/thumb/v7e-m+fp/hard\libc_nano.a(lib_a-mlock.o)
                0x000000000800d7d8                __malloc_unlock
 .text._free_r  0x000000000800d7e4       0x98 d:/stm_32/file extracted/stm32cubeide_1.11.0/stm32cubeide/plugins/com.st.stm32cube.ide.mcu.externaltools.gnu-tools-for-stm32.10.3-2021.10.win32_1.0.100.202210260954/tools/bin/../lib/gcc/arm-none-eabi/10.3.1/../../../../arm-none-eabi/lib/thumb/v7e-m+fp/hard\libc_nano.a(lib_a-nano-freer.o)
                0x000000000800d7e4                _free_r
 .text.__ssputs_r
                0x000000000800d87c       0xb6 d:/stm_32/file extracted/stm32cubeide_1.11.0/stm32cubeide/plugins/com.st.stm32cube.ide.mcu.externaltools.gnu-tools-for-stm32.10.3-2021.10.win32_1.0.100.202210260954/tools/bin/../lib/gcc/arm-none-eabi/10.3.1/../../../../arm-none-eabi/lib/thumb/v7e-m+fp/hard\libc_nano.a(lib_a-nano-svfprintf.o)
                0x000000000800d87c                __ssputs_r
 *fill*         0x000000000800d932        0x2 
 .text._svfprintf_r
                0x000000000800d934      0x200 d:/stm_32/file extracted/stm32cubeide_1.11.0/stm32cubeide/plugins/com.st.stm32cube.ide.mcu.externaltools.gnu-tools-for-stm32.10.3-2021.10.win32_1.0.100.202210260954/tools/bin/../lib/gcc/arm-none-eabi/10.3.1/../../../../arm-none-eabi/lib/thumb/v7e-m+fp/hard\libc_nano.a(lib_a-nano-svfprintf.o)
                0x000000000800d934                _svfiprintf_r
                0x000000000800d934                _svfprintf_r
 .text._printf_common
                0x000000000800db34       0xda d:/stm_32/file extracted/stm32cubeide_1.11.0/stm32cubeide/plugins/com.st.stm32cube.ide.mcu.externaltools.gnu-tools-for-stm32.10.3-2021.10.win32_1.0.100.202210260954/tools/bin/../lib/gcc/arm-none-eabi/10.3.1/../../../../arm-none-eabi/lib/thumb/v7e-m+fp/hard\libc_nano.a(lib_a-nano-vfprintf_i.o)
                0x000000000800db34                _printf_common
 *fill*         0x000000000800dc0e        0x2 
 .text._printf_i
                0x000000000800dc10      0x24c d:/stm_32/file extracted/stm32cubeide_1.11.0/stm32cubeide/plugins/com.st.stm32cube.ide.mcu.externaltools.gnu-tools-for-stm32.10.3-2021.10.win32_1.0.100.202210260954/tools/bin/../lib/gcc/arm-none-eabi/10.3.1/../../../../arm-none-eabi/lib/thumb/v7e-m+fp/hard\libc_nano.a(lib_a-nano-vfprintf_i.o)
                0x000000000800dc10                _printf_i
 .text.memmove  0x000000000800de5c       0x34 d:/stm_32/file extracted/stm32cubeide_1.11.0/stm32cubeide/plugins/com.st.stm32cube.ide.mcu.externaltools.gnu-tools-for-stm32.10.3-2021.10.win32_1.0.100.202210260954/tools/bin/../lib/gcc/arm-none-eabi/10.3.1/../../../../arm-none-eabi/lib/thumb/v7e-m+fp/hard\libc_nano.a(lib_a-memmove.o)
                0x000000000800de5c                memmove
 .text._realloc_r
                0x000000000800de90       0x5e d:/stm_32/file extracted/stm32cubeide_1.11.0/stm32cubeide/plugins/com.st.stm32cube.ide.mcu.externaltools.gnu-tools-for-stm32.10.3-2021.10.win32_1.0.100.202210260954/tools/bin/../lib/gcc/arm-none-eabi/10.3.1/../../../../arm-none-eabi/lib/thumb/v7e-m+fp/hard\libc_nano.a(lib_a-nano-reallocr.o)
                0x000000000800de90                _realloc_r
 .text._malloc_usable_size_r
                0x000000000800deee       0x10 d:/stm_32/file extracted/stm32cubeide_1.11.0/stm32cubeide/plugins/com.st.stm32cube.ide.mcu.externaltools.gnu-tools-for-stm32.10.3-2021.10.win32_1.0.100.202210260954/tools/bin/../lib/gcc/arm-none-eabi/10.3.1/../../../../arm-none-eabi/lib/thumb/v7e-m+fp/hard\libc_nano.a(lib_a-nano-msizer.o)
                0x000000000800deee                _malloc_usable_size_r
 *(.glue_7)
 .glue_7        0x000000000800defe        0x0 linker stubs
 *(.glue_7t)
 .glue_7t       0x000000000800defe        0x0 linker stubs
 *(.eh_frame)
 *fill*         0x000000000800defe        0x2 
 .eh_frame      0x000000000800df00        0x0 d:/stm_32/file extracted/stm32cubeide_1.11.0/stm32cubeide/plugins/com.st.stm32cube.ide.mcu.externaltools.gnu-tools-for-stm32.10.3-2021.10.win32_1.0.100.202210260954/tools/bin/../lib/gcc/arm-none-eabi/10.3.1/thumb/v7e-m+fp/hard/crtbegin.o
 *(.init)
 .init          0x000000000800df00        0x4 d:/stm_32/file extracted/stm32cubeide_1.11.0/stm32cubeide/plugins/com.st.stm32cube.ide.mcu.externaltools.gnu-tools-for-stm32.10.3-2021.10.win32_1.0.100.202210260954/tools/bin/../lib/gcc/arm-none-eabi/10.3.1/thumb/v7e-m+fp/hard/crti.o
                0x000000000800df00                _init
 .init          0x000000000800df04        0x8 d:/stm_32/file extracted/stm32cubeide_1.11.0/stm32cubeide/plugins/com.st.stm32cube.ide.mcu.externaltools.gnu-tools-for-stm32.10.3-2021.10.win32_1.0.100.202210260954/tools/bin/../lib/gcc/arm-none-eabi/10.3.1/thumb/v7e-m+fp/hard/crtn.o
 *(.fini)
 .fini          0x000000000800df0c        0x4 d:/stm_32/file extracted/stm32cubeide_1.11.0/stm32cubeide/plugins/com.st.stm32cube.ide.mcu.externaltools.gnu-tools-for-stm32.10.3-2021.10.win32_1.0.100.202210260954/tools/bin/../lib/gcc/arm-none-eabi/10.3.1/thumb/v7e-m+fp/hard/crti.o
                0x000000000800df0c                _fini
 .fini          0x000000000800df10        0x8 d:/stm_32/file extracted/stm32cubeide_1.11.0/stm32cubeide/plugins/com.st.stm32cube.ide.mcu.externaltools.gnu-tools-for-stm32.10.3-2021.10.win32_1.0.100.202210260954/tools/bin/../lib/gcc/arm-none-eabi/10.3.1/thumb/v7e-m+fp/hard/crtn.o
                0x000000000800df18                . = ALIGN (0x4)
                0x000000000800df18                _etext = .

.vfp11_veneer   0x000000000800df18        0x0
 .vfp11_veneer  0x000000000800df18        0x0 linker stubs

.v4_bx          0x000000000800df18        0x0
 .v4_bx         0x000000000800df18        0x0 linker stubs

.iplt           0x000000000800df18        0x0
 .iplt          0x000000000800df18        0x0 d:/stm_32/file extracted/stm32cubeide_1.11.0/stm32cubeide/plugins/com.st.stm32cube.ide.mcu.externaltools.gnu-tools-for-stm32.10.3-2021.10.win32_1.0.100.202210260954/tools/bin/../lib/gcc/arm-none-eabi/10.3.1/thumb/v7e-m+fp/hard/crtbegin.o

.rodata         0x000000000800df18      0x16c
                0x000000000800df18                . = ALIGN (0x4)
 *(.rodata)
 .rodata        0x000000000800df18       0x73 ./Core/Src/main.o
 *fill*         0x000000000800df8b        0x1 
 .rodata        0x000000000800df8c        0x5 ./Middlewares/Third_Party/FreeRTOS/Source/tasks.o
 *fill*         0x000000000800df91        0x3 
 .rodata        0x000000000800df94       0x42 ./USB_DEVICE/App/usbd_desc.o
 *(.rodata*)
 *fill*         0x000000000800dfd6        0x2 
 .rodata.AHBPrescTable
                0x000000000800dfd8       0x10 ./Core/Src/system_stm32f4xx.o
                0x000000000800dfd8                AHBPrescTable
 .rodata.APBPrescTable
                0x000000000800dfe8        0x8 ./Core/Src/system_stm32f4xx.o
                0x000000000800dfe8                APBPrescTable
 .rodata.__sf_fake_stderr
                0x000000000800dff0       0x20 d:/stm_32/file extracted/stm32cubeide_1.11.0/stm32cubeide/plugins/com.st.stm32cube.ide.mcu.externaltools.gnu-tools-for-stm32.10.3-2021.10.win32_1.0.100.202210260954/tools/bin/../lib/gcc/arm-none-eabi/10.3.1/../../../../arm-none-eabi/lib/thumb/v7e-m+fp/hard\libc_nano.a(lib_a-findfp.o)
                0x000000000800dff0                __sf_fake_stderr
 .rodata.__sf_fake_stdin
                0x000000000800e010       0x20 d:/stm_32/file extracted/stm32cubeide_1.11.0/stm32cubeide/plugins/com.st.stm32cube.ide.mcu.externaltools.gnu-tools-for-stm32.10.3-2021.10.win32_1.0.100.202210260954/tools/bin/../lib/gcc/arm-none-eabi/10.3.1/../../../../arm-none-eabi/lib/thumb/v7e-m+fp/hard\libc_nano.a(lib_a-findfp.o)
                0x000000000800e010                __sf_fake_stdin
 .rodata.__sf_fake_stdout
                0x000000000800e030       0x20 d:/stm_32/file extracted/stm32cubeide_1.11.0/stm32cubeide/plugins/com.st.stm32cube.ide.mcu.externaltools.gnu-tools-for-stm32.10.3-2021.10.win32_1.0.100.202210260954/tools/bin/../lib/gcc/arm-none-eabi/10.3.1/../../../../arm-none-eabi/lib/thumb/v7e-m+fp/hard\libc_nano.a(lib_a-findfp.o)
                0x000000000800e030                __sf_fake_stdout
 .rodata._svfprintf_r.str1.1
                0x000000000800e050       0x11 d:/stm_32/file extracted/stm32cubeide_1.11.0/stm32cubeide/plugins/com.st.stm32cube.ide.mcu.externaltools.gnu-tools-for-stm32.10.3-2021.10.win32_1.0.100.202210260954/tools/bin/../lib/gcc/arm-none-eabi/10.3.1/../../../../arm-none-eabi/lib/thumb/v7e-m+fp/hard\libc_nano.a(lib_a-nano-svfprintf.o)
 .rodata._printf_i.str1.1
                0x000000000800e061       0x22 d:/stm_32/file extracted/stm32cubeide_1.11.0/stm32cubeide/plugins/com.st.stm32cube.ide.mcu.externaltools.gnu-tools-for-stm32.10.3-2021.10.win32_1.0.100.202210260954/tools/bin/../lib/gcc/arm-none-eabi/10.3.1/../../../../arm-none-eabi/lib/thumb/v7e-m+fp/hard\libc_nano.a(lib_a-nano-vfprintf_i.o)
                0x000000000800e084                . = ALIGN (0x4)
 *fill*         0x000000000800e083        0x1 

.ARM.extab      0x000000000800e084        0x0
                0x000000000800e084                . = ALIGN (0x4)
 *(.ARM.extab* .gnu.linkonce.armextab.*)
                0x000000000800e084                . = ALIGN (0x4)

.ARM            0x000000000800e084        0x8
                0x000000000800e084                . = ALIGN (0x4)
                0x000000000800e084                __exidx_start = .
 *(.ARM.exidx*)
 .ARM.exidx     0x000000000800e084        0x8 d:/stm_32/file extracted/stm32cubeide_1.11.0/stm32cubeide/plugins/com.st.stm32cube.ide.mcu.externaltools.gnu-tools-for-stm32.10.3-2021.10.win32_1.0.100.202210260954/tools/bin/../lib/gcc/arm-none-eabi/10.3.1/thumb/v7e-m+fp/hard\libgcc.a(_udivmoddi4.o)
                0x000000000800e08c                __exidx_end = .
                0x000000000800e08c                . = ALIGN (0x4)

.rel.dyn        0x000000000800e08c        0x0
 .rel.iplt      0x000000000800e08c        0x0 d:/stm_32/file extracted/stm32cubeide_1.11.0/stm32cubeide/plugins/com.st.stm32cube.ide.mcu.externaltools.gnu-tools-for-stm32.10.3-2021.10.win32_1.0.100.202210260954/tools/bin/../lib/gcc/arm-none-eabi/10.3.1/thumb/v7e-m+fp/hard/crtbegin.o

.preinit_array  0x000000000800e08c        0x0
                0x000000000800e08c                . = ALIGN (0x4)
                0x000000000800e08c                PROVIDE (__preinit_array_start = .)
 *(.preinit_array*)
                0x000000000800e08c                PROVIDE (__preinit_array_end = .)
                0x000000000800e08c                . = ALIGN (0x4)

.init_array     0x000000000800e08c        0x4
                0x000000000800e08c                . = ALIGN (0x4)
                0x000000000800e08c                PROVIDE (__init_array_start = .)
 *(SORT_BY_NAME(.init_array.*))
 *(.init_array*)
 .init_array    0x000000000800e08c        0x4 d:/stm_32/file extracted/stm32cubeide_1.11.0/stm32cubeide/plugins/com.st.stm32cube.ide.mcu.externaltools.gnu-tools-for-stm32.10.3-2021.10.win32_1.0.100.202210260954/tools/bin/../lib/gcc/arm-none-eabi/10.3.1/thumb/v7e-m+fp/hard/crtbegin.o
                0x000000000800e090                PROVIDE (__init_array_end = .)
                0x000000000800e090                . = ALIGN (0x4)

.fini_array     0x000000000800e090        0x4
                0x000000000800e090                . = ALIGN (0x4)
                [!provide]                        PROVIDE (__fini_array_start = .)
 *(SORT_BY_NAME(.fini_array.*))
 *(.fini_array*)
 .fini_array    0x000000000800e090        0x4 d:/stm_32/file extracted/stm32cubeide_1.11.0/stm32cubeide/plugins/com.st.stm32cube.ide.mcu.externaltools.gnu-tools-for-stm32.10.3-2021.10.win32_1.0.100.202210260954/tools/bin/../lib/gcc/arm-none-eabi/10.3.1/thumb/v7e-m+fp/hard/crtbegin.o
                [!provide]                        PROVIDE (__fini_array_end = .)
                0x000000000800e094                . = ALIGN (0x4)
                0x000000000800e094                _sidata = LOADADDR (.data)

.data           0x0000000020000000      0x164 load address 0x000000000800e094
                0x0000000020000000                . = ALIGN (0x4)
                0x0000000020000000                _sdata = .
 *(.data)
 *(.data*)
 .data.SystemCoreClock
                0x0000000020000000        0x4 ./Core/Src/system_stm32f4xx.o
                0x0000000020000000                SystemCoreClock
 .data.uwTickPrio
                0x0000000020000004        0x4 ./Drivers/STM32F4xx_HAL_Driver/Src/stm32f4xx_hal.o
                0x0000000020000004                uwTickPrio
 .data.uwTickFreq
                0x0000000020000008        0x1 ./Drivers/STM32F4xx_HAL_Driver/Src/stm32f4xx_hal.o
                0x0000000020000008                uwTickFreq
 *fill*         0x0000000020000009        0x3 
 .data.USBD_CDC_DeviceQualifierDesc
                0x000000002000000c        0xa ./Middlewares/ST/STM32_USB_Device_Library/Class/CDC/Src/usbd_cdc.o
 *fill*         0x0000000020000016        0x2 
 .data.USBD_CDC
                0x0000000020000018       0x38 ./Middlewares/ST/STM32_USB_Device_Library/Class/CDC/Src/usbd_cdc.o
                0x0000000020000018                USBD_CDC
 .data.USBD_CDC_CfgDesc
                0x0000000020000050       0x43 ./Middlewares/ST/STM32_USB_Device_Library/Class/CDC/Src/usbd_cdc.o
 .data.CDCInEpAdd
                0x0000000020000093        0x1 ./Middlewares/ST/STM32_USB_Device_Library/Class/CDC/Src/usbd_cdc.o
 .data.CDCOutEpAdd
                0x0000000020000094        0x1 ./Middlewares/ST/STM32_USB_Device_Library/Class/CDC/Src/usbd_cdc.o
 .data.CDCCmdEpAdd
                0x0000000020000095        0x1 ./Middlewares/ST/STM32_USB_Device_Library/Class/CDC/Src/usbd_cdc.o
 *fill*         0x0000000020000096        0x2 
 .data.uxCriticalNesting
                0x0000000020000098        0x4 ./Middlewares/Third_Party/FreeRTOS/Source/portable/GCC/ARM_CM4F/port.o
 .data.USBD_Interface_fops_FS
                0x000000002000009c       0x14 ./USB_DEVICE/App/usbd_cdc_if.o
                0x000000002000009c                USBD_Interface_fops_FS
 .data.FS_Desc  0x00000000200000b0       0x1c ./USB_DEVICE/App/usbd_desc.o
                0x00000000200000b0                FS_Desc
 .data.USBD_FS_DeviceDesc
                0x00000000200000cc       0x12 ./USB_DEVICE/App/usbd_desc.o
                0x00000000200000cc                USBD_FS_DeviceDesc
 *fill*         0x00000000200000de        0x2 
 .data.USBD_LangIDDesc
                0x00000000200000e0        0x4 ./USB_DEVICE/App/usbd_desc.o
                0x00000000200000e0                USBD_LangIDDesc
 .data.USBD_StringSerial
                0x00000000200000e4       0x1a ./USB_DEVICE/App/usbd_desc.o
                0x00000000200000e4                USBD_StringSerial
 *fill*         0x00000000200000fe        0x2 
 .data._impure_ptr
                0x0000000020000100        0x4 d:/stm_32/file extracted/stm32cubeide_1.11.0/stm32cubeide/plugins/com.st.stm32cube.ide.mcu.externaltools.gnu-tools-for-stm32.10.3-2021.10.win32_1.0.100.202210260954/tools/bin/../lib/gcc/arm-none-eabi/10.3.1/../../../../arm-none-eabi/lib/thumb/v7e-m+fp/hard\libc_nano.a(lib_a-impure.o)
                0x0000000020000100                _impure_ptr
 .data.impure_data
                0x0000000020000104       0x60 d:/stm_32/file extracted/stm32cubeide_1.11.0/stm32cubeide/plugins/com.st.stm32cube.ide.mcu.externaltools.gnu-tools-for-stm32.10.3-2021.10.win32_1.0.100.202210260954/tools/bin/../lib/gcc/arm-none-eabi/10.3.1/../../../../arm-none-eabi/lib/thumb/v7e-m+fp/hard\libc_nano.a(lib_a-impure.o)
 *(.RamFunc)
 *(.RamFunc*)
                0x0000000020000164                . = ALIGN (0x4)
                0x0000000020000164                _edata = .

.igot.plt       0x0000000020000164        0x0 load address 0x000000000800e1f8