../Core/Src/main.c:85:6:send_CDC_number	24	static
../Core/Src/main.c:94:6:send_CDC_text	16	static
../Core/Src/main.c:99:6:send_CDC	80	dynamic
../Core/Src/main.c:143:5:main	80	static
../Core/Src/main.c:248:6:SystemClock_Config	88	static
../Core/Src/main.c:294:13:MX_I2C1_Init	8	static
../Core/Src/main.c:328:13:MX_I2C2_Init	8	static
../Core/Src/main.c:362:13:MX_USART1_UART_Init	8	static
../Core/Src/main.c:395:13:MX_GPIO_Init	48	static
../Core/Src/main.c:418:6:AS1_AboveNormalTask	96	static
../Core/Src/main.c:429:6:AS2_AboveNormalTask	96	static
../Core/Src/main.c:449:6:StartDefaultTask	56	static
../Core/Src/main.c:491:6:HAL_TIM_PeriodElapsedCallback	16	static
../Core/Src/main.c:508:6:Error_Handler	4	static,ignoring_inline_asm
